Archive member included to satisfy reference by file (symbol)

e:/stm32cubeide_1.7.0/stm32cubeide/plugins/com.st.stm32cube.ide.mcu.externaltools.gnu-tools-for-stm32.9-2020-q2-update.win32_2.0.0.202105311346/tools/bin/../lib/gcc/arm-none-eabi/9.3.1/../../../../arm-none-eabi/lib/thumb/v7e-m+fp/hard\libc_nano.a(lib_a-errno.o)
                              ./Core/Src/syscalls.o (__errno)
e:/stm32cubeide_1.7.0/stm32cubeide/plugins/com.st.stm32cube.ide.mcu.externaltools.gnu-tools-for-stm32.9-2020-q2-update.win32_2.0.0.202105311346/tools/bin/../lib/gcc/arm-none-eabi/9.3.1/../../../../arm-none-eabi/lib/thumb/v7e-m+fp/hard\libc_nano.a(lib_a-exit.o)
                              e:/stm32cubeide_1.7.0/stm32cubeide/plugins/com.st.stm32cube.ide.mcu.externaltools.gnu-tools-for-stm32.9-2020-q2-update.win32_2.0.0.202105311346/tools/bin/../lib/gcc/arm-none-eabi/9.3.1/../../../../arm-none-eabi/lib/thumb/v7e-m+fp/hard/crt0.o (exit)
e:/stm32cubeide_1.7.0/stm32cubeide/plugins/com.st.stm32cube.ide.mcu.externaltools.gnu-tools-for-stm32.9-2020-q2-update.win32_2.0.0.202105311346/tools/bin/../lib/gcc/arm-none-eabi/9.3.1/../../../../arm-none-eabi/lib/thumb/v7e-m+fp/hard\libc_nano.a(lib_a-impure.o)
                              e:/stm32cubeide_1.7.0/stm32cubeide/plugins/com.st.stm32cube.ide.mcu.externaltools.gnu-tools-for-stm32.9-2020-q2-update.win32_2.0.0.202105311346/tools/bin/../lib/gcc/arm-none-eabi/9.3.1/../../../../arm-none-eabi/lib/thumb/v7e-m+fp/hard\libc_nano.a(lib_a-exit.o) (_global_impure_ptr)
e:/stm32cubeide_1.7.0/stm32cubeide/plugins/com.st.stm32cube.ide.mcu.externaltools.gnu-tools-for-stm32.9-2020-q2-update.win32_2.0.0.202105311346/tools/bin/../lib/gcc/arm-none-eabi/9.3.1/../../../../arm-none-eabi/lib/thumb/v7e-m+fp/hard\libc_nano.a(lib_a-init.o)
                              e:/stm32cubeide_1.7.0/stm32cubeide/plugins/com.st.stm32cube.ide.mcu.externaltools.gnu-tools-for-stm32.9-2020-q2-update.win32_2.0.0.202105311346/tools/bin/../lib/gcc/arm-none-eabi/9.3.1/../../../../arm-none-eabi/lib/thumb/v7e-m+fp/hard/crt0.o (__libc_init_array)
e:/stm32cubeide_1.7.0/stm32cubeide/plugins/com.st.stm32cube.ide.mcu.externaltools.gnu-tools-for-stm32.9-2020-q2-update.win32_2.0.0.202105311346/tools/bin/../lib/gcc/arm-none-eabi/9.3.1/../../../../arm-none-eabi/lib/thumb/v7e-m+fp/hard\libc_nano.a(lib_a-memset.o)
                              e:/stm32cubeide_1.7.0/stm32cubeide/plugins/com.st.stm32cube.ide.mcu.externaltools.gnu-tools-for-stm32.9-2020-q2-update.win32_2.0.0.202105311346/tools/bin/../lib/gcc/arm-none-eabi/9.3.1/../../../../arm-none-eabi/lib/thumb/v7e-m+fp/hard/crt0.o (memset)
e:/stm32cubeide_1.7.0/stm32cubeide/plugins/com.st.stm32cube.ide.mcu.externaltools.gnu-tools-for-stm32.9-2020-q2-update.win32_2.0.0.202105311346/tools/bin/../lib/gcc/arm-none-eabi/9.3.1/../../../../arm-none-eabi/lib/thumb/v7e-m+fp/hard\libc_nano.a(lib_a-strlen.o)
                              ./Core/Src/lcd.o (strlen)
e:/stm32cubeide_1.7.0/stm32cubeide/plugins/com.st.stm32cube.ide.mcu.externaltools.gnu-tools-for-stm32.9-2020-q2-update.win32_2.0.0.202105311346/tools/bin/../lib/gcc/arm-none-eabi/9.3.1/thumb/v7e-m+fp/hard\libgcc.a(_aeabi_uldivmod.o)
                              ./Drivers/STM32F4xx_HAL_Driver/Src/stm32f4xx_hal_rcc.o (__aeabi_uldivmod)
e:/stm32cubeide_1.7.0/stm32cubeide/plugins/com.st.stm32cube.ide.mcu.externaltools.gnu-tools-for-stm32.9-2020-q2-update.win32_2.0.0.202105311346/tools/bin/../lib/gcc/arm-none-eabi/9.3.1/thumb/v7e-m+fp/hard\libgcc.a(_udivmoddi4.o)
                              e:/stm32cubeide_1.7.0/stm32cubeide/plugins/com.st.stm32cube.ide.mcu.externaltools.gnu-tools-for-stm32.9-2020-q2-update.win32_2.0.0.202105311346/tools/bin/../lib/gcc/arm-none-eabi/9.3.1/thumb/v7e-m+fp/hard\libgcc.a(_aeabi_uldivmod.o) (__udivmoddi4)
e:/stm32cubeide_1.7.0/stm32cubeide/plugins/com.st.stm32cube.ide.mcu.externaltools.gnu-tools-for-stm32.9-2020-q2-update.win32_2.0.0.202105311346/tools/bin/../lib/gcc/arm-none-eabi/9.3.1/thumb/v7e-m+fp/hard\libgcc.a(_dvmd_tls.o)
                              e:/stm32cubeide_1.7.0/stm32cubeide/plugins/com.st.stm32cube.ide.mcu.externaltools.gnu-tools-for-stm32.9-2020-q2-update.win32_2.0.0.202105311346/tools/bin/../lib/gcc/arm-none-eabi/9.3.1/thumb/v7e-m+fp/hard\libgcc.a(_aeabi_uldivmod.o) (__aeabi_ldiv0)

Allocating common symbols
Common symbol       size              file

ds3231_sec          0x1               ./Core/Src/ds3231.o
ds3231_year         0x1               ./Core/Src/ds3231.o
hi2c1               0x54              ./Core/Src/app_clock.o
uwTick              0x4               ./Drivers/STM32F4xx_HAL_Driver/Src/stm32f4xx_hal.o
pFlash              0x20              ./Drivers/STM32F4xx_HAL_Driver/Src/stm32f4xx_hal_flash.o
hsram1              0x50              ./Core/Src/app_clock.o
button_count        0x20              ./Core/Src/button.o
ds3231_min          0x1               ./Core/Src/ds3231.o
lcddev              0x6               ./Core/Src/lcd.o
ds3231_date         0x1               ./Core/Src/ds3231.o
[...]
Memory Configuration

Name             Origin             Length             Attributes
CCMRAM           0x0000000010000000 0x0000000000010000 xrw
RAM              0x0000000020000000 0x0000000000020000 xrw
FLASH            0x0000000008000000 0x0000000000100000 xr
*default*        0x0000000000000000 0xffffffffffffffff

Linker script and memory map

LOAD e:/stm32cubeide_1.7.0/stm32cubeide/plugins/com.st.stm32cube.ide.mcu.externaltools.gnu-tools-for-stm32.9-2020-q2-update.win32_2.0.0.202105311346/tools/bin/../lib/gcc/arm-none-eabi/9.3.1/thumb/v7e-m+fp/hard/crti.o
LOAD e:/stm32cubeide_1.7.0/stm32cubeide/plugins/com.st.stm32cube.ide.mcu.externaltools.gnu-tools-for-stm32.9-2020-q2-update.win32_2.0.0.202105311346/tools/bin/../lib/gcc/arm-none-eabi/9.3.1/thumb/v7e-m+fp/hard/crtbegin.o
LOAD e:/stm32cubeide_1.7.0/stm32cubeide/plugins/com.st.stm32cube.ide.mcu.externaltools.gnu-tools-for-stm32.9-2020-q2-update.win32_2.0.0.202105311346/tools/bin/../lib/gcc/arm-none-eabi/9.3.1/../../../../arm-none-eabi/lib/thumb/v7e-m+fp/hard/crt0.o
LOAD ./Core/Src/app_clock.o
LOAD ./Core/Src/button.o
LOAD ./Core/Src/ds3231.o
LOAD ./Core/Src/lcd.o
LOAD ./Core/Src/main.o
LOAD ./Core/Src/software_timer.o
LOAD ./Core/Src/stm32f4xx_hal_msp.o
LOAD ./Core/Src/stm32f4xx_it.o
LOAD ./Core/Src/syscalls.o
LOAD ./Core/Src/sysmem.o
LOAD ./Core/Src/system_stm32f4xx.o
LOAD ./Core/Src/utils.o
LOAD ./Core/Startup/startup_stm32f407zgtx.o
LOAD ./Drivers/STM32F4xx_HAL_Driver/Src/stm32f4xx_hal.o
LOAD ./Drivers/STM32F4xx_HAL_Driver/Src/stm32f4xx_hal_cortex.o
LOAD ./Drivers/STM32F4xx_HAL_Driver/Src/stm32f4xx_hal_dma.o
LOAD ./Drivers/STM32F4xx_HAL_Driver/Src/stm32f4xx_hal_dma_ex.o
LOAD ./Drivers/STM32F4xx_HAL_Driver/Src/stm32f4xx_hal_exti.o
LOAD ./Drivers/STM32F4xx_HAL_Driver/Src/stm32f4xx_hal_flash.o
LOAD ./Drivers/STM32F4xx_HAL_Driver/Src/stm32f4xx_hal_flash_ex.o
LOAD ./Drivers/STM32F4xx_HAL_Driver/Src/stm32f4xx_hal_flash_ramfunc.o
LOAD ./Drivers/STM32F4xx_HAL_Driver/Src/stm32f4xx_hal_gpio.o
LOAD ./Drivers/STM32F4xx_HAL_Driver/Src/stm32f4xx_hal_i2c.o
LOAD ./Drivers/STM32F4xx_HAL_Driver/Src/stm32f4xx_hal_i2c_ex.o
LOAD ./Drivers/STM32F4xx_HAL_Driver/Src/stm32f4xx_hal_pwr.o
LOAD ./Drivers/STM32F4xx_HAL_Driver/Src/stm32f4xx_hal_pwr_ex.o
LOAD ./Drivers/STM32F4xx_HAL_Driver/Src/stm32f4xx_hal_rcc.o
LOAD ./Drivers/STM32F4xx_HAL_Driver/Src/stm32f4xx_hal_rcc_ex.o
LOAD ./Drivers/STM32F4xx_HAL_Driver/Src/stm32f4xx_hal_spi.o
LOAD ./Drivers/STM32F4xx_HAL_Driver/Src/stm32f4xx_hal_sram.o
LOAD ./Drivers/STM32F4xx_HAL_Driver/Src/stm32f4xx_hal_tim.o
LOAD ./Drivers/STM32F4xx_HAL_Driver/Src/stm32f4xx_hal_tim_ex.o
LOAD ./Drivers/STM32F4xx_HAL_Driver/Src/stm32f4xx_ll_fsmc.o
START GROUP
LOAD e:/stm32cubeide_1.7.0/stm32cubeide/plugins/com.st.stm32cube.ide.mcu.externaltools.gnu-tools-for-stm32.9-2020-q2-update.win32_2.0.0.202105311346/tools/bin/../lib/gcc/arm-none-eabi/9.3.1/../../../../arm-none-eabi/lib/thumb/v7e-m+fp/hard\libc_nano.a
LOAD e:/stm32cubeide_1.7.0/stm32cubeide/plugins/com.st.stm32cube.ide.mcu.externaltools.gnu-tools-for-stm32.9-2020-q2-update.win32_2.0.0.202105311346/tools/bin/../lib/gcc/arm-none-eabi/9.3.1/../../../../arm-none-eabi/lib/thumb/v7e-m+fp/hard\libm.a
END GROUP
START GROUP
LOAD e:/stm32cubeide_1.7.0/stm32cubeide/plugins/com.st.stm32cube.ide.mcu.externaltools.gnu-tools-for-stm32.9-2020-q2-update.win32_2.0.0.202105311346/tools/bin/../lib/gcc/arm-none-eabi/9.3.1/thumb/v7e-m+fp/hard\libgcc.a
LOAD e:/stm32cubeide_1.7.0/stm32cubeide/plugins/com.st.stm32cube.ide.mcu.externaltools.gnu-tools-for-stm32.9-2020-q2-update.win32_2.0.0.202105311346/tools/bin/../lib/gcc/arm-none-eabi/9.3.1/../../../../arm-none-eabi/lib/thumb/v7e-m+fp/hard\libc_nano.a
END GROUP
START GROUP
LOAD e:/stm32cubeide_1.7.0/stm32cubeide/plugins/com.st.stm32cube.ide.mcu.externaltools.gnu-tools-for-stm32.9-2020-q2-update.win32_2.0.0.202105311346/tools/bin/../lib/gcc/arm-none-eabi/9.3.1/thumb/v7e-m+fp/hard\libgcc.a
LOAD e:/stm32cubeide_1.7.0/stm32cubeide/plugins/com.st.stm32cube.ide.mcu.externaltools.gnu-tools-for-stm32.9-2020-q2-update.win32_2.0.0.202105311346/tools/bin/../lib/gcc/arm-none-eabi/9.3.1/../../../../arm-none-eabi/lib/thumb/v7e-m+fp/hard\libc_nano.a
LOAD e:/stm32cubeide_1.7.0/stm32cubeide/plugins/com.st.stm32cube.ide.mcu.externaltools.gnu-tools-for-stm32.9-2020-q2-update.win32_2.0.0.202105311346/tools/bin/../lib/gcc/arm-none-eabi/9.3.1/../../../../arm-none-eabi/lib/thumb/v7e-m+fp/hard\libnosys.a
END GROUP
START GROUP
LOAD e:/stm32cubeide_1.7.0/stm32cubeide/plugins/com.st.stm32cube.ide.mcu.externaltools.gnu-tools-for-stm32.9-2020-q2-update.win32_2.0.0.202105311346/tools/bin/../lib/gcc/arm-none-eabi/9.3.1/thumb/v7e-m+fp/hard\libgcc.a
LOAD e:/stm32cubeide_1.7.0/stm32cubeide/plugins/com.st.stm32cube.ide.mcu.externaltools.gnu-tools-for-stm32.9-2020-q2-update.win32_2.0.0.202105311346/tools/bin/../lib/gcc/arm-none-eabi/9.3.1/../../../../arm-none-eabi/lib/thumb/v7e-m+fp/hard\libc_nano.a
LOAD e:/stm32cubeide_1.7.0/stm32cubeide/plugins/com.st.stm32cube.ide.mcu.externaltools.gnu-tools-for-stm32.9-2020-q2-update.win32_2.0.0.202105311346/tools/bin/../lib/gcc/arm-none-eabi/9.3.1/../../../../arm-none-eabi/lib/thumb/v7e-m+fp/hard\libnosys.a
END GROUP
LOAD e:/stm32cubeide_1.7.0/stm32cubeide/plugins/com.st.stm32cube.ide.mcu.externaltools.gnu-tools-for-stm32.9-2020-q2-update.win32_2.0.0.202105311346/tools/bin/../lib/gcc/arm-none-eabi/9.3.1/thumb/v7e-m+fp/hard/crtend.o
LOAD e:/stm32cubeide_1.7.0/stm32cubeide/plugins/com.st.stm32cube.ide.mcu.externaltools.gnu-tools-for-stm32.9-2020-q2-update.win32_2.0.0.202105311346/tools/bin/../lib/gcc/arm-none-eabi/9.3.1/thumb/v7e-m+fp/hard/crtn.o
                0x0000000020020000                _estack = (ORIGIN (RAM) + LENGTH (RAM))
                0x0000000000000200                _Min_Heap_Size = 0x200
                0x0000000000000400                _Min_Stack_Size = 0x400

.isr_vector     0x0000000008000000      0x188
                0x0000000008000000                . = ALIGN (0x4)
 *(.isr_vector)
 .isr_vector    0x0000000008000000      0x188 ./Core/Startup/startup_stm32f407zgtx.o
                0x0000000008000000                g_pfnVectors
                0x0000000008000188                . = ALIGN (0x4)

.text           0x0000000008000188     0x57d8
                0x0000000008000188                . = ALIGN (0x4)
 *(.text)
 .text          0x0000000008000188       0x40 e:/stm32cubeide_1.7.0/stm32cubeide/plugins/com.st.stm32cube.ide.mcu.externaltools.gnu-tools-for-stm32.9-2020-q2-update.win32_2.0.0.202105311346/tools/bin/../lib/gcc/arm-none-eabi/9.3.1/thumb/v7e-m+fp/hard/crtbegin.o
 .text          0x00000000080001c8       0x30 e:/stm32cubeide_1.7.0/stm32cubeide/plugins/com.st.stm32cube.ide.mcu.externaltools.gnu-tools-for-stm32.9-2020-q2-update.win32_2.0.0.202105311346/tools/bin/../lib/gcc/arm-none-eabi/9.3.1/thumb/v7e-m+fp/hard\libgcc.a(_aeabi_uldivmod.o)
                0x00000000080001c8                __aeabi_uldivmod
 .text          0x00000000080001f8      0x2c4 e:/stm32cubeide_1.7.0/stm32cubeide/plugins/com.st.stm32cube.ide.mcu.externaltools.gnu-tools-for-stm32.9-2020-q2-update.win32_2.0.0.202105311346/tools/bin/../lib/gcc/arm-none-eabi/9.3.1/thumb/v7e-m+fp/hard\libgcc.a(_udivmoddi4.o)
                0x00000000080001f8                __udivmoddi4
 .text          0x00000000080004bc        0x4 e:/stm32cubeide_1.7.0/stm32cubeide/plugins/com.st.stm32cube.ide.mcu.externaltools.gnu-tools-for-stm32.9-2020-q2-update.win32_2.0.0.202105311346/tools/bin/../lib/gcc/arm-none-eabi/9.3.1/thumb/v7e-m+fp/hard\libgcc.a(_dvmd_tls.o)
                0x00000000080004bc                __aeabi_idiv0
                0x00000000080004bc                __aeabi_ldiv0
 *(.text*)
 .text.btn_pressed_now
                0x00000000080004c0       0x2c ./Core/Src/app_clock.o
 .text.btn_pressed_edge
                0x00000000080004ec       0x2c ./Core/Src/app_clock.o
 .text.wrap_inc
                0x0000000008000518       0x36 ./Core/Src/app_clock.o
 *fill*         0x000000000800054e        0x2 
 .text.read_ds3231_into_cur
                0x0000000008000550       0x64 ./Core/Src/app_clock.o
 .text.snapshot_from_cur
                0x00000000080005b4       0x2c ./Core/Src/app_clock.o
 .text.commit_edit_to_ds3231
                0x00000000080005e0       0x60 ./Core/Src/app_clock.o
 .text.increment_field
                0x0000000008000640       0xb0 ./Core/Src/app_clock.o
 .text.draw2    0x00000000080006f0       0x7c ./Core/Src/app_clock.o
 .text.draw_status_bar
                0x000000000800076c       0xd0 ./Core/Src/app_clock.o
 .text.draw_time_area
                0x000000000800083c       0xf8 ./Core/Src/app_clock.o
 .text.draw_date_area
                0x0000000008000934      0x130 ./Core/Src/app_clock.o
 .text.draw_alarm_effect
                0x0000000008000a64       0x9c ./Core/Src/app_clock.o
 .text.maybe_trigger_alarm
                0x0000000008000b00       0x60 ./Core/Src/app_clock.o
 .text.app_clock_init
                0x0000000008000b60       0x60 ./Core/Src/app_clock.o
                0x0000000008000b60                app_clock_init
 .text.app_clock_on_tick
                0x0000000008000bc0      0x314 ./Core/Src/app_clock.o
                0x0000000008000bc0                app_clock_on_tick
 .text.button_init
                0x0000000008000ed4       0x18 ./Core/Src/button.o
                0x0000000008000ed4                button_init
 .text.button_Scan
                0x0000000008000eec       0xd8 ./Core/Src/button.o
                0x0000000008000eec                button_Scan
 .text.ds3231_init
                0x0000000008000fc4       0x88 ./Core/Src/ds3231.o
                0x0000000008000fc4                ds3231_init
 .text.ds3231_Write
                0x000000000800104c       0x44 ./Core/Src/ds3231.o
                0x000000000800104c                ds3231_Write
 .text.ds3231_ReadTime
                0x0000000008001090       0xc8 ./Core/Src/ds3231.o
                0x0000000008001090                ds3231_ReadTime
 .text.LCD_WR_REG
                0x0000000008001158       0x20 ./Core/Src/lcd.o
                0x0000000008001158                LCD_WR_REG
 .text.LCD_WR_DATA
                0x0000000008001178       0x20 ./Core/Src/lcd.o
                0x0000000008001178                LCD_WR_DATA
 .text.LCD_RD_DATA
                0x0000000008001198       0x24 ./Core/Src/lcd.o
                0x0000000008001198                LCD_RD_DATA
 .text.lcd_AddressSet
                0x00000000080011bc       0x98 ./Core/Src/lcd.o
                0x00000000080011bc                lcd_AddressSet
 .text.lcd_Clear
                0x0000000008001254       0x64 ./Core/Src/lcd.o
                0x0000000008001254                lcd_Clear
 .text.lcd_Fill
                0x00000000080012b8       0x6c ./Core/Src/lcd.o
                0x00000000080012b8                lcd_Fill
 .text.lcd_DrawPoint
                0x0000000008001324       0x2e ./Core/Src/lcd.o
                0x0000000008001324                lcd_DrawPoint
 *fill*         0x0000000008001352        0x2 
 .text.lcd_ShowChar
                0x0000000008001354      0x1a0 ./Core/Src/lcd.o
                0x0000000008001354                lcd_ShowChar
 .text.mypow    0x00000000080014f4       0x38 ./Core/Src/lcd.o
                0x00000000080014f4                mypow
 .text.lcd_ShowIntNum
                0x000000000800152c       0xfc ./Core/Src/lcd.o
                0x000000000800152c                lcd_ShowIntNum
 .text.lcd_ShowStr
                0x0000000008001628       0xc8 ./Core/Src/lcd.o
                0x0000000008001628                lcd_ShowStr
 .text.lcd_SetDir
                0x00000000080016f0       0x48 ./Core/Src/lcd.o
                0x00000000080016f0                lcd_SetDir
 .text.lcd_init
                0x0000000008001738      0x2bc ./Core/Src/lcd.o
                0x0000000008001738                lcd_init
 .text.main     0x00000000080019f4       0x58 ./Core/Src/main.o
                0x00000000080019f4                main
 .text.SystemClock_Config
                0x0000000008001a4c       0xd4 ./Core/Src/main.o
                0x0000000008001a4c                SystemClock_Config
 .text.MX_I2C1_Init
                0x0000000008001b20       0x5c ./Core/Src/main.o
 .text.MX_SPI1_Init
                0x0000000008001b7c       0x6c ./Core/Src/main.o
 .text.MX_TIM2_Init
                0x0000000008001be8       0x98 ./Core/Src/main.o
 .text.MX_GPIO_Init
                0x0000000008001c80      0x1b0 ./Core/Src/main.o
 .text.MX_FSMC_Init
                0x0000000008001e30       0xf4 ./Core/Src/main.o
 .text.Error_Handler
                0x0000000008001f24        0xa ./Core/Src/main.o
                0x0000000008001f24                Error_Handler
 *fill*         0x0000000008001f2e        0x2 
 .text.timer_init
                0x0000000008001f30       0x14 ./Core/Src/software_timer.o
                0x0000000008001f30                timer_init
 .text.setTimer2
                0x0000000008001f44       0x38 ./Core/Src/software_timer.o
                0x0000000008001f44                setTimer2
 .text.HAL_TIM_PeriodElapsedCallback
                0x0000000008001f7c       0x54 ./Core/Src/software_timer.o
                0x0000000008001f7c                HAL_TIM_PeriodElapsedCallback
 .text.HAL_MspInit
                0x0000000008001fd0       0x50 ./Core/Src/stm32f4xx_hal_msp.o
                0x0000000008001fd0                HAL_MspInit
 .text.HAL_I2C_MspInit
                0x0000000008002020       0x90 ./Core/Src/stm32f4xx_hal_msp.o
                0x0000000008002020                HAL_I2C_MspInit
 .text.HAL_SPI_MspInit
                0x00000000080020b0       0x90 ./Core/Src/stm32f4xx_hal_msp.o
                0x00000000080020b0                HAL_SPI_MspInit
 .text.HAL_TIM_Base_MspInit
                0x0000000008002140       0x4c ./Core/Src/stm32f4xx_hal_msp.o
                0x0000000008002140                HAL_TIM_Base_MspInit
 .text.HAL_FSMC_MspInit
                0x000000000800218c       0x98 ./Core/Src/stm32f4xx_hal_msp.o
 .text.HAL_SRAM_MspInit
                0x0000000008002224       0x14 ./Core/Src/stm32f4xx_hal_msp.o
                0x0000000008002224                HAL_SRAM_MspInit
 .text.NMI_Handler
                0x0000000008002238        0x6 ./Core/Src/stm32f4xx_it.o
                0x0000000008002238                NMI_Handler
 .text.HardFault_Handler
                0x000000000800223e        0x6 ./Core/Src/stm32f4xx_it.o
                0x000000000800223e                HardFault_Handler
 .text.MemManage_Handler
                0x0000000008002244        0x6 ./Core/Src/stm32f4xx_it.o
                0x0000000008002244                MemManage_Handler
 .text.BusFault_Handler
                0x000000000800224a        0x6 ./Core/Src/stm32f4xx_it.o
                0x000000000800224a                BusFault_Handler
 .text.UsageFault_Handler
                0x0000000008002250        0x6 ./Core/Src/stm32f4xx_it.o
                0x0000000008002250                UsageFault_Handler
 .text.SVC_Handler
                0x0000000008002256        0xe ./Core/Src/stm32f4xx_it.o
                0x0000000008002256                SVC_Handler
 .text.DebugMon_Handler
                0x0000000008002264        0xe ./Core/Src/stm32f4xx_it.o
                0x0000000008002264                DebugMon_Handler
 .text.PendSV_Handler
                0x0000000008002272        0xe ./Core/Src/stm32f4xx_it.o
                0x0000000008002272                PendSV_Handler
 .text.SysTick_Handler
                0x0000000008002280        0xc ./Core/Src/stm32f4xx_it.o
                0x0000000008002280                SysTick_Handler
 .text.TIM2_IRQHandler
                0x000000000800228c       0x14 ./Core/Src/stm32f4xx_it.o
                0x000000000800228c                TIM2_IRQHandler
 .text.SystemInit
                0x00000000080022a0       0x24 ./Core/Src/system_stm32f4xx.o
                0x00000000080022a0                SystemInit
 .text.BCD2DEC  0x00000000080022c4       0x32 ./Core/Src/utils.o
                0x00000000080022c4                BCD2DEC
 *fill*         0x00000000080022f6        0x2 
 .text.DEC2BCD  0x00000000080022f8       0x48 ./Core/Src/utils.o
                0x00000000080022f8                DEC2BCD
 .text.Reset_Handler
                0x0000000008002340       0x50 ./Core/Startup/startup_stm32f407zgtx.o
                0x0000000008002340                Reset_Handler
 .text.Default_Handler
                0x0000000008002390        0x2 ./Core/Startup/startup_stm32f407zgtx.o
                0x0000000008002390                RTC_Alarm_IRQHandler
                0x0000000008002390                HASH_RNG_IRQHandler
                0x0000000008002390                EXTI2_IRQHandler
                0x0000000008002390                TIM8_CC_IRQHandler
                0x0000000008002390                TIM1_CC_IRQHandler
                0x0000000008002390                DMA2_Stream5_IRQHandler
                0x0000000008002390                DMA1_Stream5_IRQHandler
                0x0000000008002390                PVD_IRQHandler
                0x0000000008002390                SDIO_IRQHandler
                0x0000000008002390                TAMP_STAMP_IRQHandler
                0x0000000008002390                CAN2_RX1_IRQHandler
                0x0000000008002390                EXTI3_IRQHandler
                0x0000000008002390                TIM8_TRG_COM_TIM14_IRQHandler
                0x0000000008002390                TIM1_UP_TIM10_IRQHandler
                0x0000000008002390                TIM8_UP_TIM13_IRQHandler
                0x0000000008002390                I2C3_ER_IRQHandler
                0x0000000008002390                EXTI0_IRQHandler
                0x0000000008002390                I2C2_EV_IRQHandler
                0x0000000008002390                DMA1_Stream2_IRQHandler
                0x0000000008002390                CAN1_RX0_IRQHandler
                0x0000000008002390                FPU_IRQHandler
                0x0000000008002390                OTG_HS_WKUP_IRQHandler
                0x0000000008002390                CAN2_SCE_IRQHandler
                0x0000000008002390                DMA2_Stream2_IRQHandler
                0x0000000008002390                SPI1_IRQHandler
                0x0000000008002390                TIM6_DAC_IRQHandler
                0x0000000008002390                TIM1_BRK_TIM9_IRQHandler
                0x0000000008002390                DCMI_IRQHandler
                0x0000000008002390                CAN2_RX0_IRQHandler
                0x0000000008002390                DMA2_Stream3_IRQHandler
                0x0000000008002390                USART6_IRQHandler
                0x0000000008002390                USART3_IRQHandler
                0x0000000008002390                CAN1_RX1_IRQHandler
                0x0000000008002390                UART5_IRQHandler
                0x0000000008002390                DMA2_Stream0_IRQHandler
                0x0000000008002390                TIM4_IRQHandler
                0x0000000008002390                I2C1_EV_IRQHandler
                0x0000000008002390                DMA1_Stream6_IRQHandler
                0x0000000008002390                DMA1_Stream1_IRQHandler
                0x0000000008002390                UART4_IRQHandler
                0x0000000008002390                TIM3_IRQHandler
                0x0000000008002390                RCC_IRQHandler
                0x0000000008002390                TIM8_BRK_TIM12_IRQHandler
                0x0000000008002390                Default_Handler
                0x0000000008002390                EXTI15_10_IRQHandler
                0x0000000008002390                ADC_IRQHandler
                0x0000000008002390                DMA1_Stream7_IRQHandler
                0x0000000008002390                TIM7_IRQHandler
                0x0000000008002390                CAN2_TX_IRQHandler
                0x0000000008002390                TIM5_IRQHandler
                0x0000000008002390                DMA2_Stream7_IRQHandler
                0x0000000008002390                I2C3_EV_IRQHandler
                0x0000000008002390                EXTI9_5_IRQHandler
                0x0000000008002390                RTC_WKUP_IRQHandler
                0x0000000008002390                ETH_WKUP_IRQHandler
                0x0000000008002390                SPI2_IRQHandler
                0x0000000008002390                OTG_HS_EP1_IN_IRQHandler
                0x0000000008002390                DMA1_Stream0_IRQHandler
                0x0000000008002390                CAN1_TX_IRQHandler
                0x0000000008002390                EXTI4_IRQHandler
                0x0000000008002390                FSMC_IRQHandler
                0x0000000008002390                ETH_IRQHandler
                0x0000000008002390                OTG_HS_EP1_OUT_IRQHandler
                0x0000000008002390                WWDG_IRQHandler
                0x0000000008002390                OTG_FS_WKUP_IRQHandler
                0x0000000008002390                TIM1_TRG_COM_TIM11_IRQHandler
                0x0000000008002390                OTG_HS_IRQHandler
                0x0000000008002390                EXTI1_IRQHandler
                0x0000000008002390                USART2_IRQHandler
                0x0000000008002390                I2C2_ER_IRQHandler
                0x0000000008002390                DMA2_Stream1_IRQHandler
                0x0000000008002390                CAN1_SCE_IRQHandler
                0x0000000008002390                FLASH_IRQHandler
                0x0000000008002390                DMA2_Stream4_IRQHandler
                0x0000000008002390                USART1_IRQHandler
                0x0000000008002390                OTG_FS_IRQHandler
                0x0000000008002390                SPI3_IRQHandler
                0x0000000008002390                DMA1_Stream4_IRQHandler
                0x0000000008002390                I2C1_ER_IRQHandler
                0x0000000008002390                DMA2_Stream6_IRQHandler
                0x0000000008002390                DMA1_Stream3_IRQHandler
 *fill*         0x0000000008002392        0x2 
 .text.HAL_Init
                0x0000000008002394       0x44 ./Drivers/STM32F4xx_HAL_Driver/Src/stm32f4xx_hal.o
                0x0000000008002394                HAL_Init
 .text.HAL_InitTick
                0x00000000080023d8       0x60 ./Drivers/STM32F4xx_HAL_Driver/Src/stm32f4xx_hal.o
                0x00000000080023d8                HAL_InitTick
 .text.HAL_IncTick
                0x0000000008002438       0x28 ./Drivers/STM32F4xx_HAL_Driver/Src/stm32f4xx_hal.o
                0x0000000008002438                HAL_IncTick
 .text.HAL_GetTick
                0x0000000008002460       0x18 ./Drivers/STM32F4xx_HAL_Driver/Src/stm32f4xx_hal.o
                0x0000000008002460                HAL_GetTick
 .text.HAL_Delay
                0x0000000008002478       0x48 ./Drivers/STM32F4xx_HAL_Driver/Src/stm32f4xx_hal.o
                0x0000000008002478                HAL_Delay
 .text.__NVIC_SetPriorityGrouping
                0x00000000080024c0       0x48 ./Drivers/STM32F4xx_HAL_Driver/Src/stm32f4xx_hal_cortex.o
 .text.__NVIC_GetPriorityGrouping
                0x0000000008002508       0x1c ./Drivers/STM32F4xx_HAL_Driver/Src/stm32f4xx_hal_cortex.o
 .text.__NVIC_EnableIRQ
                0x0000000008002524       0x3c ./Drivers/STM32F4xx_HAL_Driver/Src/stm32f4xx_hal_cortex.o
 .text.__NVIC_SetPriority
                0x0000000008002560       0x54 ./Drivers/STM32F4xx_HAL_Driver/Src/stm32f4xx_hal_cortex.o
 .text.NVIC_EncodePriority
                0x00000000080025b4       0x66 ./Drivers/STM32F4xx_HAL_Driver/Src/stm32f4xx_hal_cortex.o
 *fill*         0x000000000800261a        0x2 
 .text.SysTick_Config
                0x000000000800261c       0x44 ./Drivers/STM32F4xx_HAL_Driver/Src/stm32f4xx_hal_cortex.o
 .text.HAL_NVIC_SetPriorityGrouping
                0x0000000008002660       0x16 ./Drivers/STM32F4xx_HAL_Driver/Src/stm32f4xx_hal_cortex.o
                0x0000000008002660                HAL_NVIC_SetPriorityGrouping
 .text.HAL_NVIC_SetPriority
                0x0000000008002676       0x38 ./Drivers/STM32F4xx_HAL_Driver/Src/stm32f4xx_hal_cortex.o
                0x0000000008002676                HAL_NVIC_SetPriority
 .text.HAL_NVIC_EnableIRQ
                0x00000000080026ae       0x1c ./Drivers/STM32F4xx_HAL_Driver/Src/stm32f4xx_hal_cortex.o
                0x00000000080026ae                HAL_NVIC_EnableIRQ
 .text.HAL_SYSTICK_Config
                0x00000000080026ca       0x18 ./Drivers/STM32F4xx_HAL_Driver/Src/stm32f4xx_hal_cortex.o
                0x00000000080026ca                HAL_SYSTICK_Config
 *fill*         0x00000000080026e2        0x2 
 .text.HAL_GPIO_Init
                0x00000000080026e4      0x338 ./Drivers/STM32F4xx_HAL_Driver/Src/stm32f4xx_hal_gpio.o
                0x00000000080026e4                HAL_GPIO_Init
 .text.HAL_GPIO_WritePin
                0x0000000008002a1c       0x32 ./Drivers/STM32F4xx_HAL_Driver/Src/stm32f4xx_hal_gpio.o
                0x0000000008002a1c                HAL_GPIO_WritePin
 *fill*         0x0000000008002a4e        0x2 
 .text.HAL_I2C_Init
                0x0000000008002a50      0x288 ./Drivers/STM32F4xx_HAL_Driver/Src/stm32f4xx_hal_i2c.o
                0x0000000008002a50                HAL_I2C_Init
 .text.HAL_I2C_Mem_Write
                0x0000000008002cd8      0x1f4 ./Drivers/STM32F4xx_HAL_Driver/Src/stm32f4xx_hal_i2c.o
                0x0000000008002cd8                HAL_I2C_Mem_Write
 .text.HAL_I2C_Mem_Read
                0x0000000008002ecc      0x44c ./Drivers/STM32F4xx_HAL_Driver/Src/stm32f4xx_hal_i2c.o
                0x0000000008002ecc                HAL_I2C_Mem_Read
 .text.HAL_I2C_IsDeviceReady
                0x0000000008003318      0x25c ./Drivers/STM32F4xx_HAL_Driver/Src/stm32f4xx_hal_i2c.o
                0x0000000008003318                HAL_I2C_IsDeviceReady
 .text.I2C_RequestMemoryWrite
                0x0000000008003574      0x12c ./Drivers/STM32F4xx_HAL_Driver/Src/stm32f4xx_hal_i2c.o
 .text.I2C_RequestMemoryRead
                0x00000000080036a0      0x1d0 ./Drivers/STM32F4xx_HAL_Driver/Src/stm32f4xx_hal_i2c.o
 .text.I2C_WaitOnFlagUntilTimeout
                0x0000000008003870       0xae ./Drivers/STM32F4xx_HAL_Driver/Src/stm32f4xx_hal_i2c.o
 .text.I2C_WaitOnMasterAddressFlagUntilTimeout
                0x000000000800391e       0xfe ./Drivers/STM32F4xx_HAL_Driver/Src/stm32f4xx_hal_i2c.o
 .text.I2C_WaitOnTXEFlagUntilTimeout
                0x0000000008003a1c       0x82 ./Drivers/STM32F4xx_HAL_Driver/Src/stm32f4xx_hal_i2c.o
 .text.I2C_WaitOnBTFFlagUntilTimeout
                0x0000000008003a9e       0x82 ./Drivers/STM32F4xx_HAL_Driver/Src/stm32f4xx_hal_i2c.o
 .text.I2C_WaitOnRXNEFlagUntilTimeout
                0x0000000008003b20       0xac ./Drivers/STM32F4xx_HAL_Driver/Src/stm32f4xx_hal_i2c.o
 .text.I2C_IsAcknowledgeFailed
                0x0000000008003bcc       0x5e ./Drivers/STM32F4xx_HAL_Driver/Src/stm32f4xx_hal_i2c.o
 *fill*         0x0000000008003c2a        0x2 
 .text.HAL_RCC_OscConfig
                0x0000000008003c2c      0x4f0 ./Drivers/STM32F4xx_HAL_Driver/Src/stm32f4xx_hal_rcc.o
                0x0000000008003c2c                HAL_RCC_OscConfig
 .text.HAL_RCC_ClockConfig
                0x000000000800411c      0x1cc ./Drivers/STM32F4xx_HAL_Driver/Src/stm32f4xx_hal_rcc.o
                0x000000000800411c                HAL_RCC_ClockConfig
 .text.HAL_RCC_GetSysClockFreq
                0x00000000080042e8      0x1c4 ./Drivers/STM32F4xx_HAL_Driver/Src/stm32f4xx_hal_rcc.o
                0x00000000080042e8                HAL_RCC_GetSysClockFreq
 .text.HAL_RCC_GetHCLKFreq
                0x00000000080044ac       0x18 ./Drivers/STM32F4xx_HAL_Driver/Src/stm32f4xx_hal_rcc.o
                0x00000000080044ac                HAL_RCC_GetHCLKFreq
 .text.HAL_RCC_GetPCLK1Freq
                0x00000000080044c4       0x28 ./Drivers/STM32F4xx_HAL_Driver/Src/stm32f4xx_hal_rcc.o
                0x00000000080044c4                HAL_RCC_GetPCLK1Freq
 .text.HAL_SPI_Init
                0x00000000080044ec      0x112 ./Drivers/STM32F4xx_HAL_Driver/Src/stm32f4xx_hal_spi.o
                0x00000000080044ec                HAL_SPI_Init
 .text.HAL_SPI_Receive
                0x00000000080045fe      0x222 ./Drivers/STM32F4xx_HAL_Driver/Src/stm32f4xx_hal_spi.o
                0x00000000080045fe                HAL_SPI_Receive
 .text.HAL_SPI_TransmitReceive
                0x0000000008004820      0x344 ./Drivers/STM32F4xx_HAL_Driver/Src/stm32f4xx_hal_spi.o
                0x0000000008004820                HAL_SPI_TransmitReceive
 .text.SPI_WaitFlagStateUntilTimeout
                0x0000000008004b64      0x110 ./Drivers/STM32F4xx_HAL_Driver/Src/stm32f4xx_hal_spi.o
 .text.SPI_EndRxTransaction
                0x0000000008004c74       0xca ./Drivers/STM32F4xx_HAL_Driver/Src/stm32f4xx_hal_spi.o
 *fill*         0x0000000008004d3e        0x2 
 .text.SPI_EndRxTxTransaction
                0x0000000008004d40       0x84 ./Drivers/STM32F4xx_HAL_Driver/Src/stm32f4xx_hal_spi.o
 .text.HAL_SRAM_Init
                0x0000000008004dc4       0x88 ./Drivers/STM32F4xx_HAL_Driver/Src/stm32f4xx_hal_sram.o
                0x0000000008004dc4                HAL_SRAM_Init
 .text.HAL_TIM_Base_Init
                0x0000000008004e4c       0x9e ./Drivers/STM32F4xx_HAL_Driver/Src/stm32f4xx_hal_tim.o
                0x0000000008004e4c                HAL_TIM_Base_Init
 *fill*         0x0000000008004eea        0x2 
 .text.HAL_TIM_Base_Start_IT
                0x0000000008004eec       0xe0 ./Drivers/STM32F4xx_HAL_Driver/Src/stm32f4xx_hal_tim.o
                0x0000000008004eec                HAL_TIM_Base_Start_IT
 .text.HAL_TIM_IRQHandler
                0x0000000008004fcc      0x210 ./Drivers/STM32F4xx_HAL_Driver/Src/stm32f4xx_hal_tim.o
                0x0000000008004fcc                HAL_TIM_IRQHandler
 .text.HAL_TIM_ConfigClockSource
                0x00000000080051dc      0x18e ./Drivers/STM32F4xx_HAL_Driver/Src/stm32f4xx_hal_tim.o
                0x00000000080051dc                HAL_TIM_ConfigClockSource
 .text.HAL_TIM_OC_DelayElapsedCallback
                0x000000000800536a       0x14 ./Drivers/STM32F4xx_HAL_Driver/Src/stm32f4xx_hal_tim.o
                0x000000000800536a                HAL_TIM_OC_DelayElapsedCallback
 .text.HAL_TIM_IC_CaptureCallback
                0x000000000800537e       0x14 ./Drivers/STM32F4xx_HAL_Driver/Src/stm32f4xx_hal_tim.o
                0x000000000800537e                HAL_TIM_IC_CaptureCallback
 .text.HAL_TIM_PWM_PulseFinishedCallback
                0x0000000008005392       0x14 ./Drivers/STM32F4xx_HAL_Driver/Src/stm32f4xx_hal_tim.o
                0x0000000008005392                HAL_TIM_PWM_PulseFinishedCallback
 .text.HAL_TIM_TriggerCallback
                0x00000000080053a6       0x14 ./Drivers/STM32F4xx_HAL_Driver/Src/stm32f4xx_hal_tim.o
                0x00000000080053a6                HAL_TIM_TriggerCallback
 *fill*         0x00000000080053ba        0x2 
 .text.TIM_Base_SetConfig
                0x00000000080053bc      0x140 ./Drivers/STM32F4xx_HAL_Driver/Src/stm32f4xx_hal_tim.o
                0x00000000080053bc                TIM_Base_SetConfig
 .text.TIM_TI1_ConfigInputStage
                0x00000000080054fc       0x5e ./Drivers/STM32F4xx_HAL_Driver/Src/stm32f4xx_hal_tim.o
 .text.TIM_TI2_ConfigInputStage
                0x000000000800555a       0x60 ./Drivers/STM32F4xx_HAL_Driver/Src/stm32f4xx_hal_tim.o
 .text.TIM_ITRx_SetConfig
                0x00000000080055ba       0x36 ./Drivers/STM32F4xx_HAL_Driver/Src/stm32f4xx_hal_tim.o
 .text.TIM_ETR_SetConfig
                0x00000000080055f0       0x40 ./Drivers/STM32F4xx_HAL_Driver/Src/stm32f4xx_hal_tim.o
                0x00000000080055f0                TIM_ETR_SetConfig
 .text.HAL_TIMEx_MasterConfigSynchronization
                0x0000000008005630       0xf8 ./Drivers/STM32F4xx_HAL_Driver/Src/stm32f4xx_hal_tim_ex.o
                0x0000000008005630                HAL_TIMEx_MasterConfigSynchronization
 .text.HAL_TIMEx_CommutCallback
                0x0000000008005728       0x14 ./Drivers/STM32F4xx_HAL_Driver/Src/stm32f4xx_hal_tim_ex.o
                0x0000000008005728                HAL_TIMEx_CommutCallback
 .text.HAL_TIMEx_BreakCallback
                0x000000000800573c       0x14 ./Drivers/STM32F4xx_HAL_Driver/Src/stm32f4xx_hal_tim_ex.o
                0x000000000800573c                HAL_TIMEx_BreakCallback
 .text.FSMC_NORSRAM_Init
                0x0000000008005750       0xa4 ./Drivers/STM32F4xx_HAL_Driver/Src/stm32f4xx_ll_fsmc.o
                0x0000000008005750                FSMC_NORSRAM_Init
 .text.FSMC_NORSRAM_Timing_Init
                0x00000000080057f4       0x7a ./Drivers/STM32F4xx_HAL_Driver/Src/stm32f4xx_ll_fsmc.o
                0x00000000080057f4                FSMC_NORSRAM_Timing_Init
 *fill*         0x000000000800586e        0x2 
 .text.FSMC_NORSRAM_Extended_Timing_Init
                0x0000000008005870       0x80 ./Drivers/STM32F4xx_HAL_Driver/Src/stm32f4xx_ll_fsmc.o
                0x0000000008005870                FSMC_NORSRAM_Extended_Timing_Init
 .text.__libc_init_array
                0x00000000080058f0       0x48 e:/stm32cubeide_1.7.0/stm32cubeide/plugins/com.st.stm32cube.ide.mcu.externaltools.gnu-tools-for-stm32.9-2020-q2-update.win32_2.0.0.202105311346/tools/bin/../lib/gcc/arm-none-eabi/9.3.1/../../../../arm-none-eabi/lib/thumb/v7e-m+fp/hard\libc_nano.a(lib_a-init.o)
                0x00000000080058f0                __libc_init_array
 .text.memset   0x0000000008005938       0x10 e:/stm32cubeide_1.7.0/stm32cubeide/plugins/com.st.stm32cube.ide.mcu.externaltools.gnu-tools-for-stm32.9-2020-q2-update.win32_2.0.0.202105311346/tools/bin/../lib/gcc/arm-none-eabi/9.3.1/../../../../arm-none-eabi/lib/thumb/v7e-m+fp/hard\libc_nano.a(lib_a-memset.o)
                0x0000000008005938                memset
 *(.glue_7)
 .glue_7        0x0000000008005948        0x0 linker stubs
 *(.glue_7t)
 .glue_7t       0x0000000008005948        0x0 linker stubs
 *(.eh_frame)
 .eh_frame      0x0000000008005948        0x0 e:/stm32cubeide_1.7.0/stm32cubeide/plugins/com.st.stm32cube.ide.mcu.externaltools.gnu-tools-for-stm32.9-2020-q2-update.win32_2.0.0.202105311346/tools/bin/../lib/gcc/arm-none-eabi/9.3.1/thumb/v7e-m+fp/hard/crtbegin.o
 *(.init)
 .init          0x0000000008005948        0x4 e:/stm32cubeide_1.7.0/stm32cubeide/plugins/com.st.stm32cube.ide.mcu.externaltools.gnu-tools-for-stm32.9-2020-q2-update.win32_2.0.0.202105311346/tools/bin/../lib/gcc/arm-none-eabi/9.3.1/thumb/v7e-m+fp/hard/crti.o
                0x0000000008005948                _init
 .init          0x000000000800594c        0x8 e:/stm32cubeide_1.7.0/stm32cubeide/plugins/com.st.stm32cube.ide.mcu.externaltools.gnu-tools-for-stm32.9-2020-q2-update.win32_2.0.0.202105311346/tools/bin/../lib/gcc/arm-none-eabi/9.3.1/thumb/v7e-m+fp/hard/crtn.o
 *(.fini)
 .fini          0x0000000008005954        0x4 e:/stm32cubeide_1.7.0/stm32cubeide/plugins/com.st.stm32cube.ide.mcu.externaltools.gnu-tools-for-stm32.9-2020-q2-update.win32_2.0.0.202105311346/tools/bin/../lib/gcc/arm-none-eabi/9.3.1/thumb/v7e-m+fp/hard/crti.o
                0x0000000008005954                _fini
 .fini          0x0000000008005958        0x8 e:/stm32cubeide_1.7.0/stm32cubeide/plugins/com.st.stm32cube.ide.mcu.externaltools.gnu-tools-for-stm32.9-2020-q2-update.win32_2.0.0.202105311346/tools/bin/../lib/gcc/arm-none-eabi/9.3.1/thumb/v7e-m+fp/hard/crtn.o
                0x0000000008005960                . = ALIGN (0x4)
                0x0000000008005960                _etext = .

.vfp11_veneer   0x0000000008005960        0x0
 .vfp11_veneer  0x0000000008005960        0x0 linker stubs

.v4_bx          0x0000000008005960        0x0
 .v4_bx         0x0000000008005960        0x0 linker stubs

.iplt           0x0000000008005960        0x0
 .iplt          0x0000000008005960        0x0 e:/stm32cubeide_1.7.0/stm32cubeide/plugins/com.st.stm32cube.ide.mcu.externaltools.gnu-tools-for-stm32.9-2020-q2-update.win32_2.0.0.202105311346/tools/bin/../lib/gcc/arm-none-eabi/9.3.1/thumb/v7e-m+fp/hard/crtbegin.o

.rodata         0x0000000008005960     0x2fe4
                0x0000000008005960                . = ALIGN (0x4)
 *(.rodata)
 .rodata        0x0000000008005960       0x4b ./Core/Src/app_clock.o
 *(.rodata*)
 *fill*         0x00000000080059ab        0x1 
 .rodata.ascii_1608
                0x00000000080059ac      0x5f0 ./Core/Src/lcd.o
                0x00000000080059ac                ascii_1608
 .rodata.ascii_2412
                0x0000000008005f9c     0x11d0 ./Core/Src/lcd.o
                0x0000000008005f9c                ascii_2412
 .rodata.ascii_3216
                0x000000000800716c     0x17c0 ./Core/Src/lcd.o
                0x000000000800716c                ascii_3216
 .rodata.AHBPrescTable
                0x000000000800892c       0x10 ./Core/Src/system_stm32f4xx.o
                0x000000000800892c                AHBPrescTable
 .rodata.APBPrescTable
                0x000000000800893c        0x8 ./Core/Src/system_stm32f4xx.o
                0x000000000800893c                APBPrescTable
                0x0000000008008944                . = ALIGN (0x4)

.ARM.extab      0x0000000008008944        0x0
                0x0000000008008944                . = ALIGN (0x4)
 *(.ARM.extab* .gnu.linkonce.armextab.*)
                0x0000000008008944                . = ALIGN (0x4)

.ARM            0x0000000008008944        0x8
                0x0000000008008944                . = ALIGN (0x4)
                0x0000000008008944                __exidx_start = .
 *(.ARM.exidx*)
 .ARM.exidx     0x0000000008008944        0x8 e:/stm32cubeide_1.7.0/stm32cubeide/plugins/com.st.stm32cube.ide.mcu.externaltools.gnu-tools-for-stm32.9-2020-q2-update.win32_2.0.0.202105311346/tools/bin/../lib/gcc/arm-none-eabi/9.3.1/thumb/v7e-m+fp/hard\libgcc.a(_udivmoddi4.o)
                0x000000000800894c                __exidx_end = .
                0x000000000800894c                . = ALIGN (0x4)

.rel.dyn        0x000000000800894c        0x0
 .rel.iplt      0x000000000800894c        0x0 e:/stm32cubeide_1.7.0/stm32cubeide/plugins/com.st.stm32cube.ide.mcu.externaltools.gnu-tools-for-stm32.9-2020-q2-update.win32_2.0.0.202105311346/tools/bin/../lib/gcc/arm-none-eabi/9.3.1/thumb/v7e-m+fp/hard/crtbegin.o

.preinit_array  0x000000000800894c        0x0
                0x000000000800894c                . = ALIGN (0x4)
                0x000000000800894c                PROVIDE (__preinit_array_start = .)
 *(.preinit_array*)
                0x000000000800894c                PROVIDE (__preinit_array_end = .)
                0x000000000800894c                . = ALIGN (0x4)

.init_array     0x000000000800894c        0x4
                0x000000000800894c                . = ALIGN (0x4)
                0x000000000800894c                PROVIDE (__init_array_start = .)
 *(SORT_BY_NAME(.init_array.*))
 *(.init_array*)
 .init_array    0x000000000800894c        0x4 e:/stm32cubeide_1.7.0/stm32cubeide/plugins/com.st.stm32cube.ide.mcu.externaltools.gnu-tools-for-stm32.9-2020-q2-update.win32_2.0.0.202105311346/tools/bin/../lib/gcc/arm-none-eabi/9.3.1/thumb/v7e-m+fp/hard/crtbegin.o
                0x0000000008008950                PROVIDE (__init_array_end = .)
                0x0000000008008950                . = ALIGN (0x4)

.fini_array     0x0000000008008950        0x4
                0x0000000008008950                . = ALIGN (0x4)
                [!provide]                        PROVIDE (__fini_array_start = .)
 *(SORT_BY_NAME(.fini_array.*))
 *(.fini_array*)
 .fini_array    0x0000000008008950        0x4 e:/stm32cubeide_1.7.0/stm32cubeide/plugins/com.st.stm32cube.ide.mcu.externaltools.gnu-tools-for-stm32.9-2020-q2-update.win32_2.0.0.202105311346/tools/bin/../lib/gcc/arm-none-eabi/9.3.1/thumb/v7e-m+fp/hard/crtbegin.o
                [!provide]                        PROVIDE (__fini_array_end = .)
                0x0000000008008954                . = ALIGN (0x4)
                0x0000000008008954                _sidata = LOADADDR (.data)

.data           0x0000000020000000       0x18 load address 0x0000000008008954
                0x0000000020000000                . = ALIGN (0x4)
                0x0000000020000000                _sdata = .
 *(.data)
 *(.data*)
 .data.editing_field
                0x0000000020000000        0x1 ./Core/Src/app_clock.o
 *fill*         0x0000000020000001        0x3 
 .data.alarm1   0x0000000020000004        0x4 ./Core/Src/app_clock.o
 .data.blink_on
                0x0000000020000008        0x1 ./Core/Src/app_clock.o
 *fill*         0x0000000020000009        0x3 
 .data.SystemCoreClock
                0x000000002000000c        0x4 ./Core/Src/system_stm32f4xx.o
                0x000000002000000c                SystemCoreClock
 .data.uwTickPrio
                0x0000000020000010        0x4 ./Drivers/STM32F4xx_HAL_Driver/Src/stm32f4xx_hal.o
                0x0000000020000010                uwTickPrio
 .data.uwTickFreq
                0x0000000020000014        0x1 ./Drivers/STM32F4xx_HAL_Driver/Src/stm32f4xx_hal.o
                0x0000000020000014                uwTickFreq
 *(.RamFunc)
 *(.RamFunc*)
                0x0000000020000018                . = ALIGN (0x4)
 *fill*         0x0000000020000015        0x3 
                0x0000000020000018                _edata = .
                0x000000000800896c                _siccmram = LOADADDR (.ccmram)

.igot.plt       0x0000000020000018        0x0 load address 0x000000000800896c
 .igot.plt      0x0000000020000018        0x0 e:/stm32cubeide_1.7.0/stm32cubeide/plugins/com.st.stm32cube.ide.mcu.externaltools.gnu-tools-for-stm32.9-2020-q2-update.win32_2.0.0.202105311346/tools/bin/../lib/gcc/arm-none-eabi/9.3.1/thumb/v7e-m+fp/hard/crtbegin.o

.ccmram         0x0000000010000000        0x0 load address 0x000000000800896c
                0x0000000010000000                . = ALIGN (0x4)
                0x0000000010000000                _sccmram = .
 *(.ccmram)
 *(.ccmram*)
                0x0000000010000000                . = ALIGN (0x4)
                0x0000000010000000                _eccmram = .
                0x0000000010000000                . = ALIGN (0x4)

.bss            0x0000000020000018      0x1fc
                0x0000000020000018                _sbss = .
                0x0000000020000018                __bss_start__ = _sbss
 *(.bss)
 .bss           0x0000000020000018       0x1c e:/stm32cubeide_1.7.0/stm32cubeide/plugins/com.st.stm32cube.ide.mcu.externaltools.gnu-tools-for-stm32.9-2020-q2-update.win32_2.0.0.202105311346/tools/bin/../lib/gcc/arm-none-eabi/9.3.1/thumb/v7e-m+fp/hard/crtbegin.o
 *(.bss*)
 .bss.mode      0x0000000020000034        0x1 ./Core/Src/app_clock.o
 *fill*         0x0000000020000035        0x3 
 .bss.cur       0x0000000020000038        0x7 ./Core/Src/app_clock.o
 *fill*         0x000000002000003f        0x1 
 .bss.edit      0x0000000020000040        0x7 ./Core/Src/app_clock.o
 *fill*         0x0000000020000047        0x1 
 .bss.blink_acc_ms
                0x0000000020000048        0x2 ./Core/Src/app_clock.o
 .bss.up_hold_ms
                0x000000002000004a        0x2 ./Core/Src/app_clock.o
 .bss.up_repeat_acc_ms
                0x000000002000004c        0x2 ./Core/Src/app_clock.o
 .bss.up_was_pressed_last
                0x000000002000004e        0x1 ./Core/Src/app_clock.o
 .bss.alarm_active
                0x000000002000004f        0x1 ./Core/Src/app_clock.o
 .bss.alarm_remain_ms
                0x0000000020000050        0x2 ./Core/Src/app_clock.o
 .bss.inv.9671  0x0000000020000052        0x1 ./Core/Src/app_clock.o
 *fill*         0x0000000020000053        0x1 
 .bss.spi_button
                0x0000000020000054        0x2 ./Core/Src/button.o
                0x0000000020000054                spi_button
 .bss.flag_timer2
                0x0000000020000056        0x2 ./Core/Src/software_timer.o
                0x0000000020000056                flag_timer2
 .bss.timer2_counter
                0x0000000020000058        0x2 ./Core/Src/software_timer.o
                0x0000000020000058                timer2_counter
 .bss.timer2_MUL
                0x000000002000005a        0x2 ./Core/Src/software_timer.o
                0x000000002000005a                timer2_MUL
 .bss.FSMC_Initialized
                0x000000002000005c        0x4 ./Core/Src/stm32f4xx_hal_msp.o
 *(COMMON)
 COMMON         0x0000000020000060      0x144 ./Core/Src/app_clock.o
                0x0000000020000060                hi2c1
                0x00000000200000b4                hsram1
                0x0000000020000104                hspi1
                0x000000002000015c                htim2
 COMMON         0x00000000200001a4       0x20 ./Core/Src/button.o
                0x00000000200001a4                button_count
 COMMON         0x00000000200001c4        0xf ./Core/Src/ds3231.o
                0x00000000200001c4                ds3231_sec
                0x00000000200001c5                ds3231_year
                0x00000000200001c6                ds3231_min
                0x00000000200001c7                ds3231_date
                0x00000000200001c8                ds3231_day
                0x00000000200001c9                ds3231_hours
                0x00000000200001ca                ds3231_month
                0x00000000200001cc                ds3231_buffer
 *fill*         0x00000000200001d3        0x1 
 COMMON         0x00000000200001d4       0x3a ./Core/Src/lcd.o
                0x00000000200001d4                lcddev
                0x00000000200001dc                s
 *fill*         0x000000002000020e        0x2 
 COMMON         0x0000000020000210        0x4 ./Drivers/STM32F4xx_HAL_Driver/Src/stm32f4xx_hal.o
                0x0000000020000210                uwTick
                0x0000000020000214                . = ALIGN (0x4)
                0x0000000020000214                _ebss = .
                0x0000000020000214                __bss_end__ = _ebss

._user_heap_stack
                0x0000000020000214      0x604
                0x0000000020000218                . = ALIGN (0x8)
 *fill*         0x0000000020000214        0x4 
                [!provide]                        PROVIDE (end = .)
                0x0000000020000218                PROVIDE (_end = .)
                0x0000000020000418                . = (. + _Min_Heap_Size)
 *fill*         0x0000000020000218      0x200 
                0x0000000020000818                . = (. + _Min_Stack_Size)
 *fill*         0x0000000020000418      0x400 
                0x0000000020000818                . = ALIGN (0x8)

/DISCARD/
 libc.a(*)
 libm.a(*)
 libgcc.a(*)

.ARM.attributes
                0x0000000000000000       0x30
 *(.ARM.attributes)
 .ARM.attributes
                0x0000000000000000       0x1e e:/stm32cubeide_1.7.0/stm32cubeide/plugins/com.st.stm32cube.ide.mcu.externaltools.gnu-tools-for-stm32.9-2020-q2-update.win32_2.0.0.202105311346/tools/bin/../lib/gcc/arm-none-eabi/9.3.1/thumb/v7e-m+fp/hard/crti.o
 .ARM.attributes
                0x000000000000001e       0x34 e:/stm32cubeide_1.7.0/stm32cubeide/plugins/com.st.stm32cube.ide.mcu.externaltools.gnu-tools-for-stm32.9-2020-q2-update.win32_2.0.0.202105311346/tools/bin/../lib/gcc/arm-none-eabi/9.3.1/thumb/v7e-m+fp/hard/crtbegin.o
 .ARM.attributes
                0x0000000000000052       0x34 ./Core/Src/app_clock.o
 .ARM.attributes
                0x0000000000000086       0x34 ./Core/Src/button.o
 .ARM.attributes
                0x00000000000000ba       0x34 ./Core/Src/ds3231.o
 .ARM.attributes
                0x00000000000000ee       0x34 ./Core/Src/lcd.o
 .ARM.attributes
                0x0000000000000122       0x34 ./Core/Src/main.o
 .ARM.attributes
                0x0000000000000156       0x34 ./Core/Src/software_timer.o
 .ARM.attributes
                0x000000000000018a       0x34 ./Core/Src/stm32f4xx_hal_msp.o
 .ARM.attributes
                0x00000000000001be       0x34 ./Core/Src/stm32f4xx_it.o
 .ARM.attributes
                0x00000000000001f2       0x34 ./Core/Src/system_stm32f4xx.o
 .ARM.attributes
                0x0000000000000226       0x34 ./Core/Src/utils.o
 .ARM.attributes
                0x000000000000025a       0x21 ./Core/Startup/startup_stm32f407zgtx.o
 .ARM.attributes
                0x000000000000027b       0x34 ./Drivers/STM32F4xx_HAL_Driver/Src/stm32f4xx_hal.o
 .ARM.attributes
                0x00000000000002af       0x34 ./Drivers/STM32F4xx_HAL_Driver/Src/stm32f4xx_hal_cortex.o
 .ARM.attributes
                0x00000000000002e3       0x34 ./Drivers/STM32F4xx_HAL_Driver/Src/stm32f4xx_hal_gpio.o
 .ARM.attributes
                0x0000000000000317       0x34 ./Drivers/STM32F4xx_HAL_Driver/Src/stm32f4xx_hal_i2c.o
 .ARM.attributes
                0x000000000000034b       0x34 ./Drivers/STM32F4xx_HAL_Driver/Src/stm32f4xx_hal_rcc.o
 .ARM.attributes
                0x000000000000037f       0x34 ./Drivers/STM32F4xx_HAL_Driver/Src/stm32f4xx_hal_spi.o
 .ARM.attributes
                0x00000000000003b3       0x34 ./Drivers/STM32F4xx_HAL_Driver/Src/stm32f4xx_hal_sram.o
 .ARM.attributes
                0x00000000000003e7       0x34 ./Drivers/STM32F4xx_HAL_Driver/Src/stm32f4xx_hal_tim.o
 .ARM.attributes
                0x000000000000041b       0x34 ./Drivers/STM32F4xx_HAL_Driver/Src/stm32f4xx_hal_tim_ex.o
 .ARM.attributes
                0x000000000000044f       0x34 ./Drivers/STM32F4xx_HAL_Driver/Src/stm32f4xx_ll_fsmc.o
 .ARM.attributes
                0x0000000000000483       0x34 e:/stm32cubeide_1.7.0/stm32cubeide/plugins/com.st.stm32cube.ide.mcu.externaltools.gnu-tools-for-stm32.9-2020-q2-update.win32_2.0.0.202105311346/tools/bin/../lib/gcc/arm-none-eabi/9.3.1/../../../../arm-none-eabi/lib/thumb/v7e-m+fp/hard\libc_nano.a(lib_a-init.o)
 .ARM.attributes
                0x00000000000004b7       0x34 e:/stm32cubeide_1.7.0/stm32cubeide/plugins/com.st.stm32cube.ide.mcu.externaltools.gnu-tools-for-stm32.9-2020-q2-update.win32_2.0.0.202105311346/tools/bin/../lib/gcc/arm-none-eabi/9.3.1/../../../../arm-none-eabi/lib/thumb/v7e-m+fp/hard\libc_nano.a(lib_a-memset.o)
 .ARM.attributes
                0x00000000000004eb       0x1e e:/stm32cubeide_1.7.0/stm32cubeide/plugins/com.st.stm32cube.ide.mcu.externaltools.gnu-tools-for-stm32.9-2020-q2-update.win32_2.0.0.202105311346/tools/bin/../lib/gcc/arm-none-eabi/9.3.1/thumb/v7e-m+fp/hard\libgcc.a(_aeabi_uldivmod.o)
 .ARM.attributes
                0x0000000000000509       0x34 e:/stm32cubeide_1.7.0/stm32cubeide/plugins/com.st.stm32cube.ide.mcu.externaltools.gnu-tools-for-stm32.9-2020-q2-update.win32_2.0.0.202105311346/tools/bin/../lib/gcc/arm-none-eabi/9.3.1/thumb/v7e-m+fp/hard\libgcc.a(_udivmoddi4.o)
 .ARM.attributes
                0x000000000000053d       0x1e e:/stm32cubeide_1.7.0/stm32cubeide/plugins/com.st.stm32cube.ide.mcu.externaltools.gnu-tools-for-stm32.9-2020-q2-update.win32_2.0.0.202105311346/tools/bin/../lib/gcc/arm-none-eabi/9.3.1/thumb/v7e-m+fp/hard\libgcc.a(_dvmd_tls.o)
 .ARM.attributes
                0x000000000000055b       0x1e e:/stm32cubeide_1.7.0/stm32cubeide/plugins/com.st.stm32cube.ide.mcu.externaltools.gnu-tools-for-stm32.9-2020-q2-update.win32_2.0.0.202105311346/tools/bin/../lib/gcc/arm-none-eabi/9.3.1/thumb/v7e-m+fp/hard/crtn.o
OUTPUT(Lab3.elf elf32-littlearm)
LOAD linker stubs
LOAD e:/stm32cubeide_1.7.0/stm32cubeide/plugins/com.st.stm32cube.ide.mcu.externaltools.gnu-tools-for-stm32.9-2020-q2-update.win32_2.0.0.202105311346/tools/bin/../lib/gcc/arm-none-eabi/9.3.1/../../../../arm-none-eabi/lib/thumb/v7e-m+fp/hard\libc.a
LOAD e:/stm32cubeide_1.7.0/stm32cubeide/plugins/com.st.stm32cube.ide.mcu.externaltools.gnu-tools-for-stm32.9-2020-q2-update.win32_2.0.0.202105311346/tools/bin/../lib/gcc/arm-none-eabi/9.3.1/../../../../arm-none-eabi/lib/thumb/v7e-m+fp/hard\libm.a
LOAD e:/stm32cubeide_1.7.0/stm32cubeide/plugins/com.st.stm32cube.ide.mcu.externaltools.gnu-tools-for-stm32.9-2020-q2-update.win32_2.0.0.202105311346/tools/bin/../lib/gcc/arm-none-eabi/9.3.1/thumb/v7e-m+fp/hard\libgcc.a

.debug_info     0x0000000000000000    0x17637
 .debug_info    0x0000000000000000     0x1cb1 ./Core/Src/app_clock.o
 .debug_info    0x0000000000001cb1     0x1024 ./Core/Src/button.o
 .debug_info    0x0000000000002cd5     0x1046 ./Core/Src/ds3231.o
 .debug_info    0x0000000000003d1b     0x24f0 ./Core/Src/lcd.o
 .debug_info    0x000000000000620b     0x16c4 ./Core/Src/main.o
 .debug_info    0x00000000000078cf      0xf81 ./Core/Src/software_timer.o
 .debug_info    0x0000000000008850     0x1684 ./Core/Src/stm32f4xx_hal_msp.o
 .debug_info    0x0000000000009ed4      0xf93 ./Core/Src/stm32f4xx_it.o
 .debug_info    0x000000000000ae67      0x5a4 ./Core/Src/system_stm32f4xx.o
 .debug_info    0x000000000000b40b       0xd8 ./Core/Src/utils.o
 .debug_info    0x000000000000b4e3       0x22 ./Core/Startup/startup_stm32f407zgtx.o
 .debug_info    0x000000000000b505      0x9b2 ./Drivers/STM32F4xx_HAL_Driver/Src/stm32f4xx_hal.o
 .debug_info    0x000000000000beb7      0xed7 ./Drivers/STM32F4xx_HAL_Driver/Src/stm32f4xx_hal_cortex.o
 .debug_info    0x000000000000cd8e      0x83e ./Drivers/STM32F4xx_HAL_Driver/Src/stm32f4xx_hal_gpio.o
 .debug_info    0x000000000000d5cc     0x264d ./Drivers/STM32F4xx_HAL_Driver/Src/stm32f4xx_hal_i2c.o
 .debug_info    0x000000000000fc19      0x996 ./Drivers/STM32F4xx_HAL_Driver/Src/stm32f4xx_hal_rcc.o
 .debug_info    0x00000000000105af     0x17c0 ./Drivers/STM32F4xx_HAL_Driver/Src/stm32f4xx_hal_spi.o
 .debug_info    0x0000000000011d6f      0xbab ./Drivers/STM32F4xx_HAL_Driver/Src/stm32f4xx_hal_sram.o
 .debug_info    0x000000000001291a     0x2c22 ./Drivers/STM32F4xx_HAL_Driver/Src/stm32f4xx_hal_tim.o
 .debug_info    0x000000000001553c     0x15a2 ./Drivers/STM32F4xx_HAL_Driver/Src/stm32f4xx_hal_tim_ex.o
 .debug_info    0x0000000000016ade      0xb59 ./Drivers/STM32F4xx_HAL_Driver/Src/stm32f4xx_ll_fsmc.o

.debug_abbrev   0x0000000000000000     0x2b2f
 .debug_abbrev  0x0000000000000000      0x2e6 ./Core/Src/app_clock.o
 .debug_abbrev  0x00000000000002e6      0x1d2 ./Core/Src/button.o
 .debug_abbrev  0x00000000000004b8      0x1cb ./Core/Src/ds3231.o
 .debug_abbrev  0x0000000000000683      0x3bd ./Core/Src/lcd.o
 .debug_abbrev  0x0000000000000a40      0x28d ./Core/Src/main.o
 .debug_abbrev  0x0000000000000ccd      0x1ba ./Core/Src/software_timer.o
 .debug_abbrev  0x0000000000000e87      0x24b ./Core/Src/stm32f4xx_hal_msp.o
 .debug_abbrev  0x00000000000010d2      0x19a ./Core/Src/stm32f4xx_it.o
 .debug_abbrev  0x000000000000126c      0x145 ./Core/Src/system_stm32f4xx.o
 .debug_abbrev  0x00000000000013b1       0x87 ./Core/Src/utils.o
 .debug_abbrev  0x0000000000001438       0x12 ./Core/Startup/startup_stm32f407zgtx.o
 .debug_abbrev  0x000000000000144a      0x1ed ./Drivers/STM32F4xx_HAL_Driver/Src/stm32f4xx_hal.o
 .debug_abbrev  0x0000000000001637      0x33c ./Drivers/STM32F4xx_HAL_Driver/Src/stm32f4xx_hal_cortex.o
 .debug_abbrev  0x0000000000001973      0x1f1 ./Drivers/STM32F4xx_HAL_Driver/Src/stm32f4xx_hal_gpio.o
 .debug_abbrev  0x0000000000001b64      0x282 ./Drivers/STM32F4xx_HAL_Driver/Src/stm32f4xx_hal_i2c.o
 .debug_abbrev  0x0000000000001de6      0x275 ./Drivers/STM32F4xx_HAL_Driver/Src/stm32f4xx_hal_rcc.o
 .debug_abbrev  0x000000000000205b      0x26e ./Drivers/STM32F4xx_HAL_Driver/Src/stm32f4xx_hal_spi.o
 .debug_abbrev  0x00000000000022c9      0x1f4 ./Drivers/STM32F4xx_HAL_Driver/Src/stm32f4xx_hal_sram.o
 .debug_abbrev  0x00000000000024bd      0x25e ./Drivers/STM32F4xx_HAL_Driver/Src/stm32f4xx_hal_tim.o
 .debug_abbrev  0x000000000000271b      0x266 ./Drivers/STM32F4xx_HAL_Driver/Src/stm32f4xx_hal_tim_ex.o
 .debug_abbrev  0x0000000000002981      0x1ae ./Drivers/STM32F4xx_HAL_Driver/Src/stm32f4xx_ll_fsmc.o

.debug_aranges  0x0000000000000000     0x1188
 .debug_aranges
                0x0000000000000000       0x90 ./Core/Src/app_clock.o
 .debug_aranges
                0x0000000000000090       0x28 ./Core/Src/button.o
 .debug_aranges
                0x00000000000000b8       0x30 ./Core/Src/ds3231.o
 .debug_aranges
                0x00000000000000e8       0xf0 ./Core/Src/lcd.o
 .debug_aranges
                0x00000000000001d8       0x58 ./Core/Src/main.o
 .debug_aranges
                0x0000000000000230       0x30 ./Core/Src/software_timer.o
 .debug_aranges
                0x0000000000000260       0x70 ./Core/Src/stm32f4xx_hal_msp.o
 .debug_aranges
                0x00000000000002d0       0x68 ./Core/Src/stm32f4xx_it.o
 .debug_aranges
                0x0000000000000338       0x28 ./Core/Src/system_stm32f4xx.o
 .debug_aranges
                0x0000000000000360       0x28 ./Core/Src/utils.o
 .debug_aranges
                0x0000000000000388       0x28 ./Core/Startup/startup_stm32f407zgtx.o
 .debug_aranges
                0x00000000000003b0       0xf0 ./Drivers/STM32F4xx_HAL_Driver/Src/stm32f4xx_hal.o
 .debug_aranges
                0x00000000000004a0      0x118 ./Drivers/STM32F4xx_HAL_Driver/Src/stm32f4xx_hal_cortex.o
 .debug_aranges
                0x00000000000005b8       0x58 ./Drivers/STM32F4xx_HAL_Driver/Src/stm32f4xx_hal_gpio.o
 .debug_aranges
                0x0000000000000610      0x2a0 ./Drivers/STM32F4xx_HAL_Driver/Src/stm32f4xx_hal_i2c.o
 .debug_aranges
                0x00000000000008b0       0x88 ./Drivers/STM32F4xx_HAL_Driver/Src/stm32f4xx_hal_rcc.o
 .debug_aranges
                0x0000000000000938      0x1d0 ./Drivers/STM32F4xx_HAL_Driver/Src/stm32f4xx_hal_spi.o
 .debug_aranges
                0x0000000000000b08       0xa0 ./Drivers/STM32F4xx_HAL_Driver/Src/stm32f4xx_hal_sram.o
 .debug_aranges
                0x0000000000000ba8      0x3d0 ./Drivers/STM32F4xx_HAL_Driver/Src/stm32f4xx_hal_tim.o
 .debug_aranges
                0x0000000000000f78      0x168 ./Drivers/STM32F4xx_HAL_Driver/Src/stm32f4xx_hal_tim_ex.o
 .debug_aranges
                0x00000000000010e0       0xa8 ./Drivers/STM32F4xx_HAL_Driver/Src/stm32f4xx_ll_fsmc.o

.debug_ranges   0x0000000000000000     0x1068
 .debug_ranges  0x0000000000000000       0x80 ./Core/Src/app_clock.o
 .debug_ranges  0x0000000000000080       0x18 ./Core/Src/button.o
 .debug_ranges  0x0000000000000098       0x20 ./Core/Src/ds3231.o
 .debug_ranges  0x00000000000000b8       0xe0 ./Core/Src/lcd.o
 .debug_ranges  0x0000000000000198       0x48 ./Core/Src/main.o
 .debug_ranges  0x00000000000001e0       0x20 ./Core/Src/software_timer.o
 .debug_ranges  0x0000000000000200       0x60 ./Core/Src/stm32f4xx_hal_msp.o
 .debug_ranges  0x0000000000000260       0x58 ./Core/Src/stm32f4xx_it.o
 .debug_ranges  0x00000000000002b8       0x18 ./Core/Src/system_stm32f4xx.o
 .debug_ranges  0x00000000000002d0       0x18 ./Core/Src/utils.o
 .debug_ranges  0x00000000000002e8       0x20 ./Core/Startup/startup_stm32f407zgtx.o
 .debug_ranges  0x0000000000000308       0xe0 ./Drivers/STM32F4xx_HAL_Driver/Src/stm32f4xx_hal.o
 .debug_ranges  0x00000000000003e8      0x108 ./Drivers/STM32F4xx_HAL_Driver/Src/stm32f4xx_hal_cortex.o
 .debug_ranges  0x00000000000004f0       0x48 ./Drivers/STM32F4xx_HAL_Driver/Src/stm32f4xx_hal_gpio.o
 .debug_ranges  0x0000000000000538      0x2b8 ./Drivers/STM32F4xx_HAL_Driver/Src/stm32f4xx_hal_i2c.o
 .debug_ranges  0x00000000000007f0       0x78 ./Drivers/STM32F4xx_HAL_Driver/Src/stm32f4xx_hal_rcc.o
 .debug_ranges  0x0000000000000868      0x1c0 ./Drivers/STM32F4xx_HAL_Driver/Src/stm32f4xx_hal_spi.o
 .debug_ranges  0x0000000000000a28       0x90 ./Drivers/STM32F4xx_HAL_Driver/Src/stm32f4xx_hal_sram.o
 .debug_ranges  0x0000000000000ab8      0x3c0 ./Drivers/STM32F4xx_HAL_Driver/Src/stm32f4xx_hal_tim.o
 .debug_ranges  0x0000000000000e78      0x158 ./Drivers/STM32F4xx_HAL_Driver/Src/stm32f4xx_hal_tim_ex.o
 .debug_ranges  0x0000000000000fd0       0x98 ./Drivers/STM32F4xx_HAL_Driver/Src/stm32f4xx_ll_fsmc.o

.debug_macro    0x0000000000000000    0x22c21
 .debug_macro   0x0000000000000000      0x38b ./Core/Src/app_clock.o
 .debug_macro   0x000000000000038b      0xaa8 ./Core/Src/app_clock.o
 .debug_macro   0x0000000000000e33       0x22 ./Core/Src/app_clock.o
 .debug_macro   0x0000000000000e55       0x8e ./Core/Src/app_clock.o
 .debug_macro   0x0000000000000ee3       0x51 ./Core/Src/app_clock.o
 .debug_macro   0x0000000000000f34      0x103 ./Core/Src/app_clock.o
 .debug_macro   0x0000000000001037       0x6a ./Core/Src/app_clock.o
 .debug_macro   0x00000000000010a1      0x1df ./Core/Src/app_clock.o
 .debug_macro   0x0000000000001280       0x22 ./Core/Src/app_clock.o
 .debug_macro   0x00000000000012a2       0x2e ./Core/Src/app_clock.o
 .debug_macro   0x00000000000012d0       0x18 ./Core/Src/app_clock.o
 .debug_macro   0x00000000000012e8       0x52 ./Core/Src/app_clock.o
 .debug_macro   0x000000000000133a       0x3c ./Core/Src/app_clock.o
 .debug_macro   0x0000000000001376       0x34 ./Core/Src/app_clock.o
 .debug_macro   0x00000000000013aa       0x16 ./Core/Src/app_clock.o
 .debug_macro   0x00000000000013c0      0x10e ./Core/Src/app_clock.o
 .debug_macro   0x00000000000014ce       0x8d ./Core/Src/app_clock.o
 .debug_macro   0x000000000000155b       0x16 ./Core/Src/app_clock.o
 .debug_macro   0x0000000000001571       0x43 ./Core/Src/app_clock.o
 .debug_macro   0x00000000000015b4       0x34 ./Core/Src/app_clock.o
 .debug_macro   0x00000000000015e8       0x10 ./Core/Src/app_clock.o
 .debug_macro   0x00000000000015f8       0x58 ./Core/Src/app_clock.o
 .debug_macro   0x0000000000001650       0x71 ./Core/Src/app_clock.o
 .debug_macro   0x00000000000016c1       0x1c ./Core/Src/app_clock.o
 .debug_macro   0x00000000000016dd      0x12a ./Core/Src/app_clock.o
 .debug_macro   0x0000000000001807      0x339 ./Core/Src/app_clock.o
 .debug_macro   0x0000000000001b40       0x16 ./Core/Src/app_clock.o
 .debug_macro   0x0000000000001b56       0x29 ./Core/Src/app_clock.o
 .debug_macro   0x0000000000001b7f       0x16 ./Core/Src/app_clock.o
 .debug_macro   0x0000000000001b95       0x35 ./Core/Src/app_clock.o
 .debug_macro   0x0000000000001bca       0x20 ./Core/Src/app_clock.o
 .debug_macro   0x0000000000001bea      0x2a7 ./Core/Src/app_clock.o
 .debug_macro   0x0000000000001e91       0x2e ./Core/Src/app_clock.o
 .debug_macro   0x0000000000001ebf       0x2f ./Core/Src/app_clock.o
 .debug_macro   0x0000000000001eee       0x1c ./Core/Src/app_clock.o
 .debug_macro   0x0000000000001f0a       0x22 ./Core/Src/app_clock.o
 .debug_macro   0x0000000000001f2c       0xd9 ./Core/Src/app_clock.o
 .debug_macro   0x0000000000002005     0x102d ./Core/Src/app_clock.o
 .debug_macro   0x0000000000003032      0x11f ./Core/Src/app_clock.o
 .debug_macro   0x0000000000003151    0x15e58 ./Core/Src/app_clock.o
 .debug_macro   0x0000000000018fa9       0x6d ./Core/Src/app_clock.o
 .debug_macro   0x0000000000019016     0x3666 ./Core/Src/app_clock.o
 .debug_macro   0x000000000001c67c       0x56 ./Core/Src/app_clock.o
 .debug_macro   0x000000000001c6d2      0x96b ./Core/Src/app_clock.o
 .debug_macro   0x000000000001d03d      0x9fe ./Core/Src/app_clock.o
 .debug_macro   0x000000000001da3b      0x116 ./Core/Src/app_clock.o
 .debug_macro   0x000000000001db51      0x13e ./Core/Src/app_clock.o
 .debug_macro   0x000000000001dc8f       0xa5 ./Core/Src/app_clock.o
 .debug_macro   0x000000000001dd34      0x174 ./Core/Src/app_clock.o
 .debug_macro   0x000000000001dea8      0x287 ./Core/Src/app_clock.o
 .debug_macro   0x000000000001e12f       0x5f ./Core/Src/app_clock.o
 .debug_macro   0x000000000001e18e      0x236 ./Core/Src/app_clock.o
 .debug_macro   0x000000000001e3c4      0x12c ./Core/Src/app_clock.o
 .debug_macro   0x000000000001e4f0      0x21e ./Core/Src/app_clock.o
 .debug_macro   0x000000000001e70e       0x2e ./Core/Src/app_clock.o
 .debug_macro   0x000000000001e73c      0x543 ./Core/Src/app_clock.o
 .debug_macro   0x000000000001ec7f      0x1b5 ./Core/Src/app_clock.o
 .debug_macro   0x000000000001ee34       0xd6 ./Core/Src/app_clock.o
 .debug_macro   0x000000000001ef0a      0x11a ./Core/Src/app_clock.o
 .debug_macro   0x000000000001f024       0x7e ./Core/Src/app_clock.o
 .debug_macro   0x000000000001f0a2       0x89 ./Core/Src/app_clock.o
 .debug_macro   0x000000000001f12b      0x225 ./Core/Src/app_clock.o
 .debug_macro   0x000000000001f350      0x8d1 ./Core/Src/app_clock.o
 .debug_macro   0x000000000001fc21       0x47 ./Core/Src/app_clock.o
 .debug_macro   0x000000000001fc68      0x12d ./Core/Src/app_clock.o
 .debug_macro   0x000000000001fd95       0x64 ./Core/Src/app_clock.o
 .debug_macro   0x000000000001fdf9       0xca ./Core/Src/app_clock.o
 .debug_macro   0x000000000001fec3      0x220 ./Core/Src/button.o
 .debug_macro   0x00000000000200e3       0xdf ./Core/Src/button.o
 .debug_macro   0x00000000000201c2      0x174 ./Core/Src/button.o
 .debug_macro   0x0000000000020336       0x5c ./Core/Src/button.o
 .debug_macro   0x0000000000020392      0x235 ./Core/Src/ds3231.o
 .debug_macro   0x00000000000205c7      0x32b ./Core/Src/lcd.o
 .debug_macro   0x00000000000208f2      0x333 ./Core/Src/lcd.o
 .debug_macro   0x0000000000020c25      0x23d ./Core/Src/main.o
 .debug_macro   0x0000000000020e62      0x222 ./Core/Src/software_timer.o
 .debug_macro   0x0000000000021084      0x212 ./Core/Src/stm32f4xx_hal_msp.o
 .debug_macro   0x0000000000021296      0x21c ./Core/Src/stm32f4xx_it.o
 .debug_macro   0x00000000000214b2      0x203 ./Core/Src/system_stm32f4xx.o
 .debug_macro   0x00000000000216b5       0x6d ./Core/Src/utils.o
 .debug_macro   0x0000000000021722      0x263 ./Drivers/STM32F4xx_HAL_Driver/Src/stm32f4xx_hal.o
 .debug_macro   0x0000000000021985      0x203 ./Drivers/STM32F4xx_HAL_Driver/Src/stm32f4xx_hal_cortex.o
 .debug_macro   0x0000000000021b88      0x209 ./Drivers/STM32F4xx_HAL_Driver/Src/stm32f4xx_hal_gpio.o
 .debug_macro   0x0000000000021d91      0x24a ./Drivers/STM32F4xx_HAL_Driver/Src/stm32f4xx_hal_i2c.o
 .debug_macro   0x0000000000021fdb      0x227 ./Drivers/STM32F4xx_HAL_Driver/Src/stm32f4xx_hal_rcc.o
 .debug_macro   0x0000000000022202      0x212 ./Drivers/STM32F4xx_HAL_Driver/Src/stm32f4xx_hal_spi.o
 .debug_macro   0x0000000000022414      0x203 ./Drivers/STM32F4xx_HAL_Driver/Src/stm32f4xx_hal_sram.o
 .debug_macro   0x0000000000022617      0x204 ./Drivers/STM32F4xx_HAL_Driver/Src/stm32f4xx_hal_tim.o
 .debug_macro   0x000000000002281b      0x203 ./Drivers/STM32F4xx_HAL_Driver/Src/stm32f4xx_hal_tim_ex.o
 .debug_macro   0x0000000000022a1e      0x203 ./Drivers/STM32F4xx_HAL_Driver/Src/stm32f4xx_ll_fsmc.o

.debug_line     0x0000000000000000    0x14a34
 .debug_line    0x0000000000000000      0xeab ./Core/Src/app_clock.o
 .debug_line    0x0000000000000eab      0x792 ./Core/Src/button.o
 .debug_line    0x000000000000163d      0x7b4 ./Core/Src/ds3231.o
 .debug_line    0x0000000000001df1     0x10b3 ./Core/Src/lcd.o
 .debug_line    0x0000000000002ea4      0x98c ./Core/Src/main.o
 .debug_line    0x0000000000003830      0x775 ./Core/Src/software_timer.o
 .debug_line    0x0000000000003fa5      0x899 ./Core/Src/stm32f4xx_hal_msp.o
 .debug_line    0x000000000000483e      0x7f4 ./Core/Src/stm32f4xx_it.o
 .debug_line    0x0000000000005032      0x79b ./Core/Src/system_stm32f4xx.o
 .debug_line    0x00000000000057cd      0x3b8 ./Core/Src/utils.o
 .debug_line    0x0000000000005b85       0x88 ./Core/Startup/startup_stm32f407zgtx.o
 .debug_line    0x0000000000005c0d      0xa01 ./Drivers/STM32F4xx_HAL_Driver/Src/stm32f4xx_hal.o
 .debug_line    0x000000000000660e      0xcb0 ./Drivers/STM32F4xx_HAL_Driver/Src/stm32f4xx_hal_cortex.o
 .debug_line    0x00000000000072be      0xb77 ./Drivers/STM32F4xx_HAL_Driver/Src/stm32f4xx_hal_gpio.o
 .debug_line    0x0000000000007e35     0x39ad ./Drivers/STM32F4xx_HAL_Driver/Src/stm32f4xx_hal_i2c.o
 .debug_line    0x000000000000b7e2      0xd7d ./Drivers/STM32F4xx_HAL_Driver/Src/stm32f4xx_hal_rcc.o
 .debug_line    0x000000000000c55f     0x1c89 ./Drivers/STM32F4xx_HAL_Driver/Src/stm32f4xx_hal_spi.o
 .debug_line    0x000000000000e1e8      0xba3 ./Drivers/STM32F4xx_HAL_Driver/Src/stm32f4xx_hal_sram.o
 .debug_line    0x000000000000ed8b     0x36f5 ./Drivers/STM32F4xx_HAL_Driver/Src/stm32f4xx_hal_tim.o
 .debug_line    0x0000000000012480     0x19fe ./Drivers/STM32F4xx_HAL_Driver/Src/stm32f4xx_hal_tim_ex.o
 .debug_line    0x0000000000013e7e      0xbb6 ./Drivers/STM32F4xx_HAL_Driver/Src/stm32f4xx_ll_fsmc.o

.debug_str      0x0000000000000000    0xcf860
 .debug_str     0x0000000000000000    0xcb618 ./Core/Src/app_clock.o
                                      0xcbab4 (size before relaxing)
 .debug_str     0x00000000000cb618       0x91 ./Core/Src/button.o
                                      0xc81ce (size before relaxing)
 .debug_str     0x00000000000cb6a9       0x8e ./Core/Src/ds3231.o
                                      0xc82be (size before relaxing)
 .debug_str     0x00000000000cb737      0x2bf ./Core/Src/lcd.o
                                      0xcb95e (size before relaxing)
 .debug_str     0x00000000000cb9f6      0x3cf ./Core/Src/main.o
                                      0xc8669 (size before relaxing)
 .debug_str     0x00000000000cbdc5       0x88 ./Core/Src/software_timer.o
                                      0xc81e1 (size before relaxing)
 .debug_str     0x00000000000cbe4d      0x5f3 ./Core/Src/stm32f4xx_hal_msp.o
                                      0xc88b1 (size before relaxing)
 .debug_str     0x00000000000cc440       0xcd ./Core/Src/stm32f4xx_it.o
                                      0xc8203 (size before relaxing)
 .debug_str     0x00000000000cc50d       0xaf ./Core/Src/system_stm32f4xx.o
                                      0xc75f1 (size before relaxing)
 .debug_str     0x00000000000cc5bc       0x24 ./Core/Src/utils.o
                                       0x3cfd (size before relaxing)
 .debug_str     0x00000000000cc5e0       0x36 ./Core/Startup/startup_stm32f407zgtx.o
                                         0x6c (size before relaxing)
 .debug_str     0x00000000000cc616      0x583 ./Drivers/STM32F4xx_HAL_Driver/Src/stm32f4xx_hal.o
                                      0xc80d3 (size before relaxing)
 .debug_str     0x00000000000ccb99      0x399 ./Drivers/STM32F4xx_HAL_Driver/Src/stm32f4xx_hal_cortex.o
                                      0xc7ec2 (size before relaxing)
 .debug_str     0x00000000000ccf32      0x15a ./Drivers/STM32F4xx_HAL_Driver/Src/stm32f4xx_hal_gpio.o
                                      0xc7798 (size before relaxing)
 .debug_str     0x00000000000cd08c      0xabe ./Drivers/STM32F4xx_HAL_Driver/Src/stm32f4xx_hal_i2c.o
                                      0xc8573 (size before relaxing)
 .debug_str     0x00000000000cdb4a      0x24e ./Drivers/STM32F4xx_HAL_Driver/Src/stm32f4xx_hal_rcc.o
                                      0xc79f3 (size before relaxing)
 .debug_str     0x00000000000cdd98      0x55f ./Drivers/STM32F4xx_HAL_Driver/Src/stm32f4xx_hal_spi.o
                                      0xc7e95 (size before relaxing)
 .debug_str     0x00000000000ce2f7      0x1ae ./Drivers/STM32F4xx_HAL_Driver/Src/stm32f4xx_hal_sram.o
                                      0xc7b0b (size before relaxing)
 .debug_str     0x00000000000ce4a5      0xdc8 ./Drivers/STM32F4xx_HAL_Driver/Src/stm32f4xx_hal_tim.o
                                      0xc8920 (size before relaxing)
 .debug_str     0x00000000000cf26d      0x4ee ./Drivers/STM32F4xx_HAL_Driver/Src/stm32f4xx_hal_tim_ex.o
                                      0xc80d1 (size before relaxing)
 .debug_str     0x00000000000cf75b      0x105 ./Drivers/STM32F4xx_HAL_Driver/Src/stm32f4xx_ll_fsmc.o
                                      0xc79d2 (size before relaxing)

.comment        0x0000000000000000       0x53
 .comment       0x0000000000000000       0x53 ./Core/Src/app_clock.o
                                         0x54 (size before relaxing)
 .comment       0x0000000000000053       0x54 ./Core/Src/button.o
 .comment       0x0000000000000053       0x54 ./Core/Src/ds3231.o
 .comment       0x0000000000000053       0x54 ./Core/Src/lcd.o
 .comment       0x0000000000000053       0x54 ./Core/Src/main.o
 .comment       0x0000000000000053       0x54 ./Core/Src/software_timer.o
 .comment       0x0000000000000053       0x54 ./Core/Src/stm32f4xx_hal_msp.o
 .comment       0x0000000000000053       0x54 ./Core/Src/stm32f4xx_it.o
 .comment       0x0000000000000053       0x54 ./Core/Src/system_stm32f4xx.o
 .comment       0x0000000000000053       0x54 ./Core/Src/utils.o
 .comment       0x0000000000000053       0x54 ./Drivers/STM32F4xx_HAL_Driver/Src/stm32f4xx_hal.o
 .comment       0x0000000000000053       0x54 ./Drivers/STM32F4xx_HAL_Driver/Src/stm32f4xx_hal_cortex.o
 .comment       0x0000000000000053       0x54 ./Drivers/STM32F4xx_HAL_Driver/Src/stm32f4xx_hal_gpio.o
 .comment       0x0000000000000053       0x54 ./Drivers/STM32F4xx_HAL_Driver/Src/stm32f4xx_hal_i2c.o
 .comment       0x0000000000000053       0x54 ./Drivers/STM32F4xx_HAL_Driver/Src/stm32f4xx_hal_rcc.o
 .comment       0x0000000000000053       0x54 ./Drivers/STM32F4xx_HAL_Driver/Src/stm32f4xx_hal_spi.o
 .comment       0x0000000000000053       0x54 ./Drivers/STM32F4xx_HAL_Driver/Src/stm32f4xx_hal_sram.o
 .comment       0x0000000000000053       0x54 ./Drivers/STM32F4xx_HAL_Driver/Src/stm32f4xx_hal_tim.o
 .comment       0x0000000000000053       0x54 ./Drivers/STM32F4xx_HAL_Driver/Src/stm32f4xx_hal_tim_ex.o
 .comment       0x0000000000000053       0x54 ./Drivers/STM32F4xx_HAL_Driver/Src/stm32f4xx_ll_fsmc.o

.debug_frame    0x0000000000000000     0x49cc
 .debug_frame   0x0000000000000000      0x224 ./Core/Src/app_clock.o
 .debug_frame   0x0000000000000224       0x50 ./Core/Src/button.o
 .debug_frame   0x0000000000000274       0x74 ./Core/Src/ds3231.o
 .debug_frame   0x00000000000002e8      0x400 ./Core/Src/lcd.o
 .debug_frame   0x00000000000006e8      0x10c ./Core/Src/main.o
 .debug_frame   0x00000000000007f4       0x7c ./Core/Src/software_timer.o
 .debug_frame   0x0000000000000870      0x198 ./Core/Src/stm32f4xx_hal_msp.o
 .debug_frame   0x0000000000000a08      0x120 ./Core/Src/stm32f4xx_it.o
 .debug_frame   0x0000000000000b28       0x58 ./Core/Src/system_stm32f4xx.o
 .debug_frame   0x0000000000000b80       0x60 ./Core/Src/utils.o
 .debug_frame   0x0000000000000be0      0x374 ./Drivers/STM32F4xx_HAL_Driver/Src/stm32f4xx_hal.o
 .debug_frame   0x0000000000000f54      0x498 ./Drivers/STM32F4xx_HAL_Driver/Src/stm32f4xx_hal_cortex.o
 .debug_frame   0x00000000000013ec      0x14c ./Drivers/STM32F4xx_HAL_Driver/Src/stm32f4xx_hal_gpio.o
 .debug_frame   0x0000000000001538      0xc5c ./Drivers/STM32F4xx_HAL_Driver/Src/stm32f4xx_hal_i2c.o
 .debug_frame   0x0000000000002194      0x1f0 ./Drivers/STM32F4xx_HAL_Driver/Src/stm32f4xx_hal_rcc.o
 .debug_frame   0x0000000000002384      0x824 ./Drivers/STM32F4xx_HAL_Driver/Src/stm32f4xx_hal_spi.o
 .debug_frame   0x0000000000002ba8      0x2a0 ./Drivers/STM32F4xx_HAL_Driver/Src/stm32f4xx_hal_sram.o
 .debug_frame   0x0000000000002e48     0x11c4 ./Drivers/STM32F4xx_HAL_Driver/Src/stm32f4xx_hal_tim.o
 .debug_frame   0x000000000000400c      0x638 ./Drivers/STM32F4xx_HAL_Driver/Src/stm32f4xx_hal_tim_ex.o
 .debug_frame   0x0000000000004644      0x2dc ./Drivers/STM32F4xx_HAL_Driver/Src/stm32f4xx_ll_fsmc.o
 .debug_frame   0x0000000000004920       0x2c e:/stm32cubeide_1.7.0/stm32cubeide/plugins/com.st.stm32cube.ide.mcu.externaltools.gnu-tools-for-stm32.9-2020-q2-update.win32_2.0.0.202105311346/tools/bin/../lib/gcc/arm-none-eabi/9.3.1/../../../../arm-none-eabi/lib/thumb/v7e-m+fp/hard\libc_nano.a(lib_a-init.o)
 .debug_frame   0x000000000000494c       0x20 e:/stm32cubeide_1.7.0/stm32cubeide/plugins/com.st.stm32cube.ide.mcu.externaltools.gnu-tools-for-stm32.9-2020-q2-update.win32_2.0.0.202105311346/tools/bin/../lib/gcc/arm-none-eabi/9.3.1/../../../../arm-none-eabi/lib/thumb/v7e-m+fp/hard\libc_nano.a(lib_a-memset.o)
 .debug_frame   0x000000000000496c       0x2c e:/stm32cubeide_1.7.0/stm32cubeide/plugins/com.st.stm32cube.ide.mcu.externaltools.gnu-tools-for-stm32.9-2020-q2-update.win32_2.0.0.202105311346/tools/bin/../lib/gcc/arm-none-eabi/9.3.1/thumb/v7e-m+fp/hard\libgcc.a(_aeabi_uldivmod.o)
 .debug_frame   0x0000000000004998       0x34 e:/stm32cubeide_1.7.0/stm32cubeide/plugins/com.st.stm32cube.ide.mcu.externaltools.gnu-tools-for-stm32.9-2020-q2-update.win32_2.0.0.202105311346/tools/bin/../lib/gcc/arm-none-eabi/9.3.1/thumb/v7e-m+fp/hard\libgcc.a(_udivmoddi4.o)
