app_clock.c:33:20:btn_pressed_now	16	static
app_clock.c:34:20:btn_pressed_edge	16	static
app_clock.c:65:20:wrap_inc	24	static
app_clock.c:80:13:read_ds3231_into_cur	8	static
app_clock.c:91:13:snapshot_from_cur	4	static
app_clock.c:93:13:commit_edit_to_ds3231	8	static
app_clock.c:104:13:increment_field	16	static
app_clock.c:118:13:draw2	40	static
app_clock.c:126:13:draw_status_bar	24	static
app_clock.c:139:13:draw_time_area	32	static
app_clock.c:150:13:draw_date_area	32	static
app_clock.c:164:13:draw_alarm_effect	24	static
app_clock.c:173:13:maybe_trigger_alarm	4	static
app_clock.c:182:6:app_clock_init	8	static
app_clock.c:195:6:app_clock_on_tick	16	static
