lcd.c:16:6:LCD_WR_REG	16	static
lcd.c:21:6:LCD_WR_DATA	16	static
lcd.c:26:10:LCD_RD_DATA	16	static
lcd.c:34:6:lcd_AddressSet	24	static
lcd.c:51:6:lcd_SetCursor	16	static
lcd.c:62:6:lcd_DisplayOn	8	static
lcd.c:67:6:lcd_DisplayOff	8	static
lcd.c:73:10:lcd_ReadPoint	24	static
lcd.c:87:6:lcd_Clear	24	static
lcd.c:98:6:lcd_Fill	32	static
lcd.c:109:6:lcd_DrawPoint	16	static
lcd.c:115:6:lcd_DrawLine	64	static
lcd.c:140:6:lcd_DrawRectangle	32	static
lcd.c:149:6:lcd_ShowChar	40	static
lcd.c:181:10:mypow	24	static
lcd.c:188:6:lcd_ShowIntNum	48	static
lcd.c:205:6:lcd_ShowFloatNum1	56	static
lcd.c:222:6:lcd_ShowStr	56	static
lcd.c:245:6:lcd_StrCenter	48	static
lcd.c:253:6:lcd_ShowPicture	40	static
lcd.c:270:6:lcd_SetDir	16	static
lcd.c:282:6:lcd_init	8	static
lcd.c:394:13:_draw_circle_8	24	static
lcd.c:406:6:lcd_DrawCircle	48	static
lcd.c:429:6:lcd_ShowBackground	4	static
lcd.c:435:6:DrawTestPage	32	static
lcd.c:445:6:lcd_Display	16	static
