stm32f4xx_hal_msp.c:64:6:HAL_MspInit	16	static
stm32f4xx_hal_msp.c:86:6:HAL_I2C_MspInit	48	static
stm32f4xx_hal_msp.c:122:6:HAL_I2C_MspDeInit	16	static
stm32f4xx_hal_msp.c:153:6:HAL_SPI_MspInit	48	static
stm32f4xx_hal_msp.c:190:6:HAL_SPI_MspDeInit	16	static
stm32f4xx_hal_msp.c:220:6:HAL_TIM_Base_MspInit	24	static
stm32f4xx_hal_msp.c:245:6:HAL_TIM_Base_MspDeInit	16	static
stm32f4xx_hal_msp.c:266:13:HAL_FSMC_MspInit	32	static
stm32f4xx_hal_msp.c:324:6:HAL_SRAM_MspInit	16	static
stm32f4xx_hal_msp.c:336:13:HAL_FSMC_MspDeInit	8	static
stm32f4xx_hal_msp.c:382:6:HAL_SRAM_MspDeInit	16	static
